projection.schema=oneshotsea.p125-poly-trusted.v1
projection.mode=sea
prime=100000000000000000000000000000000000000000000000000000000000000000000000000000000000000000000000000000000000000000000000000237
seed=202607300000
global_index=1000030
point_four_required=true
sea.max_level=401
sea.trace_cap=16
sea.threads=1
sea.schedule=increasing
sea.table_manifest_sha256=ac1fb3eafd991bccae2fcc05572108f318522b15fd6a3a164b8665c16f2d6bd5
sea.known_source_lift=true
sea.root_orbit_reuse=true
sea.conjugate_eigenvalue_reuse=true
generator.counters.u_samples=83
generator.counters.u_polynomials_without_roots=58
generator.counters.x1_points=94
generator.counters.exceptional_map_points=0
generator.counters.singular_curves=0
generator.counters.exceptional_j=0
generator.counters.exact_order_27_failures=0
generator.counters.points_without_weber_lifts=90
generator.counters.weber_lifts=48
generator.counters.nonsquare_explicit_montgomery_u=36
generator.counters.points_without_explicit_montgomery_model=3
generator.counters.full_two_torsion_failures=0
generator.counters.point_four_rejections=0
generator.counters.accepted=1
generator.schema=oneshotsea.x1-27-probe.v1
generator.version=x1-27-sutherland-tate-weber-montgomery-v1
generator.formula_sha256=b63a2527b1778acce2fa7d003655d929c1687eec9902b03982e729e11a571250
generator.global_index=1000030
generator.x1_u=26704565842674153393243800331257175333015473830260526761199712838773268540061400676082648107903230541311209281133372220738280
generator.x1_v=96157628130822406025300786540039518914833220754606750652752236076454891852546684276046328015339347106357694407509933536786011
generator.tate_r=79186404514504640908489563357495132047473300985745334007027282221067042003190569848064792557022135799404560961950346708506182
generator.tate_s=97344229614753972965848250744010819753714742776083096355334483195213524714082530784026176996231290284591848472620141995851293
generator.tate_a1=49745313115319430682167218169974833061015613176636027902841318215574451297670150619771568874622136097135708138148194269717906
generator.tate_a2=27764916967061971217138878788736250964352590294260318838835671598138231183773718554058342837644993112298245089277614786400485
generator.tate_a3=27764916967061971217138878788736250964352590294260318838835671598138231183773718554058342837644993112298245089277614786400485
generator.tate_curve.a=49377142497698681595970782642862367538446121143050014905292247748068562197494249365027113748490477034970688557256456101210790
generator.tate_curve.b=1637125298347606662877013541092189648704824505709051478707161928016842100398075151326089709644266458594437977911679191272818
generator.tate_point.x=47430998343380494779385608102458782911084724411415985585504709649189020355042544900715002330689680491316888254909440364043595
generator.tate_point.y=98611032442692891450998909183515104150079751780114434594252532598928967847561603838301026465659256128210469641982396931245507
generator.explicit_montgomery_coefficient=37612961439576477422476243262538096153125956509527248198562312357931563706915176176735623844837745423875400897213336065733224
generator.weber_f=1809128800056467331602026467513268592329625093277967630958499026146673630321832367487800977065301451815067629906666058152908
generator.j=29086728336443714803772542398717971874025276695818145964301099244742489053379916095398258597239347882384093421392067341916672
generator.twist_parameter=2
generator.curve.a=24695916746375285203490140593970257817161480924700052157539187724647340231554000845239547321663901475964613358534920636619155
generator.curve.b=16463944497583523468993427062646838544774320616466701438359458483098226821036000563493031547775934317309742239023280424412770
generator.twist.a=98783666985501140813960562375881031268645923698800208630156750898589360926216003380958189286655605903858453434139682546476620
generator.twist.b=31711555980668187751947416501174708358194564931733611506875667864785814568288004507944252382207474538477937912186243395301923
generator.rejected_samples=82
generator.selected_side=twist
generator.full_rational_two_torsion=true
generator.point_order_four=true
generator.cyclic_divisor=108
generator.group_divisor=432
generator.opposite_order_residue=28
sea.trace_prior.modulus=432
sea.trace_prior.residue=418
sea.levels.size=56
sea.level[0].ell=5
sea.level[0].exact=true
sea.level[0].trace_residue.present=true
sea.level[0].trace_residue.value=3
sea.level[0].exact_modulus=2160
sea.level[0].constraint_modulus=2160
sea.level[0].exact_trace_candidate_count=585606974105255431851646952672725654392510210986151264232871
sea.level[0].trace_candidate_count=585606974105255431851646952672725654392510210986151264232871
sea.level[0].atkin_projective_order.present=false
sea.level[0].atkin_residue_count=0
sea.level[0].compatible_source_lifts=1
sea.level[0].modular_root_workers=1
sea.level[0].modular_root_orbits=1
sea.level[0].modular_root_reused_lifts=0
sea.level[0].modular_root_orbit_reuse=false
sea.level[0].lift_pairs=2
sea.level[0].distinct_codomains=2
sea.level[0].codomain_cache_hits=0
sea.level[0].conjugate_eigenvalue_reuse=true
sea.level[0].eigenvalue_attempts=2
sea.level[0].independent_eigenvalue_recoveries=1
sea.level[0].conjugate_eigenvalues_derived=1
sea.level[1].ell=7
sea.level[1].exact=false
sea.level[1].trace_residue.present=false
sea.level[1].exact_modulus=2160
sea.level[1].constraint_modulus=15120
sea.level[1].exact_trace_candidate_count=585606974105255431851646952672725654392510210986151264232871
sea.level[1].trace_candidate_count=167316278315787266243327700763635901255002917424614646923678
sea.level[1].atkin_projective_order.present=true
sea.level[1].atkin_projective_order.value=4
sea.level[1].atkin_residue_count=2
sea.level[1].compatible_source_lifts=1
sea.level[1].modular_root_workers=1
sea.level[1].modular_root_orbits=1
sea.level[1].modular_root_reused_lifts=0
sea.level[1].modular_root_orbit_reuse=false
sea.level[1].lift_pairs=0
sea.level[1].distinct_codomains=0
sea.level[1].codomain_cache_hits=0
sea.level[1].conjugate_eigenvalue_reuse=true
sea.level[1].eigenvalue_attempts=0
sea.level[1].independent_eigenvalue_recoveries=0
sea.level[1].conjugate_eigenvalues_derived=0
sea.level[2].ell=11
sea.level[2].exact=false
sea.level[2].trace_residue.present=false
sea.level[2].exact_modulus=2160
sea.level[2].constraint_modulus=15120
sea.level[2].exact_trace_candidate_count=585606974105255431851646952672725654392510210986151264232871
sea.level[2].trace_candidate_count=167316278315787266243327700763635901255002917424614646923678
sea.level[2].atkin_projective_order.present=false
sea.level[2].atkin_residue_count=0
sea.level[2].compatible_source_lifts=1
sea.level[2].modular_root_workers=1
sea.level[2].modular_root_orbits=1
sea.level[2].modular_root_reused_lifts=0
sea.level[2].modular_root_orbit_reuse=false
sea.level[2].lift_pairs=0
sea.level[2].distinct_codomains=0
sea.level[2].codomain_cache_hits=0
sea.level[2].conjugate_eigenvalue_reuse=true
sea.level[2].eigenvalue_attempts=0
sea.level[2].independent_eigenvalue_recoveries=0
sea.level[2].conjugate_eigenvalues_derived=0
sea.level[3].ell=13
sea.level[3].exact=false
sea.level[3].trace_residue.present=false
sea.level[3].exact_modulus=2160
sea.level[3].constraint_modulus=15120
sea.level[3].exact_trace_candidate_count=585606974105255431851646952672725654392510210986151264232871
sea.level[3].trace_candidate_count=167316278315787266243327700763635901255002917424614646923678
sea.level[3].atkin_projective_order.present=false
sea.level[3].atkin_residue_count=0
sea.level[3].compatible_source_lifts=1
sea.level[3].modular_root_workers=1
sea.level[3].modular_root_orbits=1
sea.level[3].modular_root_reused_lifts=0
sea.level[3].modular_root_orbit_reuse=false
sea.level[3].lift_pairs=0
sea.level[3].distinct_codomains=0
sea.level[3].codomain_cache_hits=0
sea.level[3].conjugate_eigenvalue_reuse=true
sea.level[3].eigenvalue_attempts=0
sea.level[3].independent_eigenvalue_recoveries=0
sea.level[3].conjugate_eigenvalues_derived=0
sea.level[4].ell=17
sea.level[4].exact=false
sea.level[4].trace_residue.present=false
sea.level[4].exact_modulus=2160
sea.level[4].constraint_modulus=15120
sea.level[4].exact_trace_candidate_count=585606974105255431851646952672725654392510210986151264232871
sea.level[4].trace_candidate_count=167316278315787266243327700763635901255002917424614646923678
sea.level[4].atkin_projective_order.present=false
sea.level[4].atkin_residue_count=0
sea.level[4].compatible_source_lifts=1
sea.level[4].modular_root_workers=1
sea.level[4].modular_root_orbits=1
sea.level[4].modular_root_reused_lifts=0
sea.level[4].modular_root_orbit_reuse=false
sea.level[4].lift_pairs=0
sea.level[4].distinct_codomains=0
sea.level[4].codomain_cache_hits=0
sea.level[4].conjugate_eigenvalue_reuse=true
sea.level[4].eigenvalue_attempts=0
sea.level[4].independent_eigenvalue_recoveries=0
sea.level[4].conjugate_eigenvalues_derived=0
sea.level[5].ell=19
sea.level[5].exact=false
sea.level[5].trace_residue.present=false
sea.level[5].exact_modulus=2160
sea.level[5].constraint_modulus=15120
sea.level[5].exact_trace_candidate_count=585606974105255431851646952672725654392510210986151264232871
sea.level[5].trace_candidate_count=167316278315787266243327700763635901255002917424614646923678
sea.level[5].atkin_projective_order.present=false
sea.level[5].atkin_residue_count=0
sea.level[5].compatible_source_lifts=1
sea.level[5].modular_root_workers=1
sea.level[5].modular_root_orbits=1
sea.level[5].modular_root_reused_lifts=0
sea.level[5].modular_root_orbit_reuse=false
sea.level[5].lift_pairs=0
sea.level[5].distinct_codomains=0
sea.level[5].codomain_cache_hits=0
sea.level[5].conjugate_eigenvalue_reuse=true
sea.level[5].eigenvalue_attempts=0
sea.level[5].independent_eigenvalue_recoveries=0
sea.level[5].conjugate_eigenvalues_derived=0
sea.level[6].ell=23
sea.level[6].exact=true
sea.level[6].trace_residue.present=true
sea.level[6].trace_residue.value=13
sea.level[6].exact_modulus=49680
sea.level[6].constraint_modulus=347760
sea.level[6].exact_trace_candidate_count=25461172787185018776158563159683724104022183086354402792734
sea.level[6].trace_candidate_count=7274620796338576793188160902766778315434909453244115083639
sea.level[6].atkin_projective_order.present=false
sea.level[6].atkin_residue_count=0
sea.level[6].compatible_source_lifts=1
sea.level[6].modular_root_workers=1
sea.level[6].modular_root_orbits=1
sea.level[6].modular_root_reused_lifts=0
sea.level[6].modular_root_orbit_reuse=false
sea.level[6].lift_pairs=2
sea.level[6].distinct_codomains=2
sea.level[6].codomain_cache_hits=0
sea.level[6].conjugate_eigenvalue_reuse=true
sea.level[6].eigenvalue_attempts=2
sea.level[6].independent_eigenvalue_recoveries=1
sea.level[6].conjugate_eigenvalues_derived=1
sea.level[7].ell=29
sea.level[7].exact=true
sea.level[7].trace_residue.present=true
sea.level[7].trace_residue.value=17
sea.level[7].exact_modulus=1440720
sea.level[7].constraint_modulus=10085040
sea.level[7].exact_trace_candidate_count=877971475420173061246847005506335313931799416770841475611
sea.level[7].trace_candidate_count=250848992977192303213384858716095803980514119077383278746
sea.level[7].atkin_projective_order.present=false
sea.level[7].atkin_residue_count=0
sea.level[7].compatible_source_lifts=1
sea.level[7].modular_root_workers=1
sea.level[7].modular_root_orbits=1
sea.level[7].modular_root_reused_lifts=0
sea.level[7].modular_root_orbit_reuse=false
sea.level[7].lift_pairs=2
sea.level[7].distinct_codomains=2
sea.level[7].codomain_cache_hits=0
sea.level[7].conjugate_eigenvalue_reuse=true
sea.level[7].eigenvalue_attempts=2
sea.level[7].independent_eigenvalue_recoveries=1
sea.level[7].conjugate_eigenvalues_derived=1
sea.level[8].ell=31
sea.level[8].exact=true
sea.level[8].trace_residue.present=true
sea.level[8].trace_residue.value=14
sea.level[8].exact_modulus=44662320
sea.level[8].constraint_modulus=312636240
sea.level[8].exact_trace_candidate_count=28321660497424937459575709855043074642961271508736821794
sea.level[8].trace_candidate_count=8091902999264267845593059958583735612274649002496234799
sea.level[8].atkin_projective_order.present=false
sea.level[8].atkin_residue_count=0
sea.level[8].compatible_source_lifts=1
sea.level[8].modular_root_workers=1
sea.level[8].modular_root_orbits=1
sea.level[8].modular_root_reused_lifts=0
sea.level[8].modular_root_orbit_reuse=false
sea.level[8].lift_pairs=2
sea.level[8].distinct_codomains=2
sea.level[8].codomain_cache_hits=0
sea.level[8].conjugate_eigenvalue_reuse=true
sea.level[8].eigenvalue_attempts=2
sea.level[8].independent_eigenvalue_recoveries=1
sea.level[8].conjugate_eigenvalues_derived=1
sea.level[9].ell=37
sea.level[9].exact=true
sea.level[9].trace_residue.present=true
sea.level[9].trace_residue.value=34
sea.level[9].exact_modulus=1652505840
sea.level[9].constraint_modulus=11567540880
sea.level[9].exact_trace_candidate_count=765450283714187498907451617703866882242196527263157346
sea.level[9].trace_candidate_count=218700081061196428259271890772533394926341864932330670
sea.level[9].atkin_projective_order.present=false
sea.level[9].atkin_residue_count=0
sea.level[9].compatible_source_lifts=1
sea.level[9].modular_root_workers=1
sea.level[9].modular_root_orbits=1
sea.level[9].modular_root_reused_lifts=0
sea.level[9].modular_root_orbit_reuse=false
sea.level[9].lift_pairs=2
sea.level[9].distinct_codomains=2
sea.level[9].codomain_cache_hits=0
sea.level[9].conjugate_eigenvalue_reuse=true
sea.level[9].eigenvalue_attempts=2
sea.level[9].independent_eigenvalue_recoveries=1
sea.level[9].conjugate_eigenvalues_derived=1
sea.level[10].ell=41
sea.level[10].exact=true
sea.level[10].trace_residue.present=true
sea.level[10].trace_residue.value=16
sea.level[10].exact_modulus=67752739440
sea.level[10].constraint_modulus=474269176080
sea.level[10].exact_trace_candidate_count=18669519114980182900181746773265045908346256762516033
sea.level[10].trace_candidate_count=5334148318565766542909070506647155973813216217861723
sea.level[10].atkin_projective_order.present=false
sea.level[10].atkin_residue_count=0
sea.level[10].compatible_source_lifts=1
sea.level[10].modular_root_workers=1
sea.level[10].modular_root_orbits=1
sea.level[10].modular_root_reused_lifts=0
sea.level[10].modular_root_orbit_reuse=false
sea.level[10].lift_pairs=2
sea.level[10].distinct_codomains=2
sea.level[10].codomain_cache_hits=0
sea.level[10].conjugate_eigenvalue_reuse=true
sea.level[10].eigenvalue_attempts=2
sea.level[10].independent_eigenvalue_recoveries=1
sea.level[10].conjugate_eigenvalues_derived=1
sea.level[11].ell=43
sea.level[11].exact=true
sea.level[11].trace_residue.present=true
sea.level[11].trace_residue.value=8
sea.level[11].exact_modulus=2913367795920
sea.level[11].constraint_modulus=20393574571440
sea.level[11].exact_trace_candidate_count=434174863139074020934459227285233625775494343314327
sea.level[11].trace_candidate_count=124049960896878291695559779224352464507284098089808
sea.level[11].atkin_projective_order.present=false
sea.level[11].atkin_residue_count=0
sea.level[11].compatible_source_lifts=1
sea.level[11].modular_root_workers=1
sea.level[11].modular_root_orbits=1
sea.level[11].modular_root_reused_lifts=0
sea.level[11].modular_root_orbit_reuse=false
sea.level[11].lift_pairs=2
sea.level[11].distinct_codomains=2
sea.level[11].codomain_cache_hits=0
sea.level[11].conjugate_eigenvalue_reuse=true
sea.level[11].eigenvalue_attempts=2
sea.level[11].independent_eigenvalue_recoveries=1
sea.level[11].conjugate_eigenvalues_derived=1
sea.level[12].ell=47
sea.level[12].exact=false
sea.level[12].trace_residue.present=false
sea.level[12].exact_modulus=2913367795920
sea.level[12].constraint_modulus=20393574571440
sea.level[12].exact_trace_candidate_count=434174863139074020934459227285233625775494343314327
sea.level[12].trace_candidate_count=124049960896878291695559779224352464507284098089808
sea.level[12].atkin_projective_order.present=false
sea.level[12].atkin_residue_count=0
sea.level[12].compatible_source_lifts=1
sea.level[12].modular_root_workers=1
sea.level[12].modular_root_orbits=1
sea.level[12].modular_root_reused_lifts=0
sea.level[12].modular_root_orbit_reuse=false
sea.level[12].lift_pairs=0
sea.level[12].distinct_codomains=0
sea.level[12].codomain_cache_hits=0
sea.level[12].conjugate_eigenvalue_reuse=true
sea.level[12].eigenvalue_attempts=0
sea.level[12].independent_eigenvalue_recoveries=0
sea.level[12].conjugate_eigenvalues_derived=0
sea.level[13].ell=53
sea.level[13].exact=true
sea.level[13].trace_residue.present=true
sea.level[13].trace_residue.value=38
sea.level[13].exact_modulus=154408493183760
sea.level[13].constraint_modulus=1080859452286320
sea.level[13].exact_trace_candidate_count=8191978549793849451593570326136483505198006477629
sea.level[13].trace_candidate_count=2340565299941099843312448664610423858628001850751
sea.level[13].atkin_projective_order.present=false
sea.level[13].atkin_residue_count=0
sea.level[13].compatible_source_lifts=1
sea.level[13].modular_root_workers=1
sea.level[13].modular_root_orbits=1
sea.level[13].modular_root_reused_lifts=0
sea.level[13].modular_root_orbit_reuse=false
sea.level[13].lift_pairs=2
sea.level[13].distinct_codomains=2
sea.level[13].codomain_cache_hits=0
sea.level[13].conjugate_eigenvalue_reuse=true
sea.level[13].eigenvalue_attempts=2
sea.level[13].independent_eigenvalue_recoveries=1
sea.level[13].conjugate_eigenvalues_derived=1
sea.level[14].ell=59
sea.level[14].exact=false
sea.level[14].trace_residue.present=false
sea.level[14].exact_modulus=154408493183760
sea.level[14].constraint_modulus=1080859452286320
sea.level[14].exact_trace_candidate_count=8191978549793849451593570326136483505198006477629
sea.level[14].trace_candidate_count=2340565299941099843312448664610423858628001850751
sea.level[14].atkin_projective_order.present=false
sea.level[14].atkin_residue_count=0
sea.level[14].compatible_source_lifts=1
sea.level[14].modular_root_workers=1
sea.level[14].modular_root_orbits=1
sea.level[14].modular_root_reused_lifts=0
sea.level[14].modular_root_orbit_reuse=false
sea.level[14].lift_pairs=0
sea.level[14].distinct_codomains=0
sea.level[14].codomain_cache_hits=0
sea.level[14].conjugate_eigenvalue_reuse=true
sea.level[14].eigenvalue_attempts=0
sea.level[14].independent_eigenvalue_recoveries=0
sea.level[14].conjugate_eigenvalues_derived=0
sea.level[15].ell=61
sea.level[15].exact=false
sea.level[15].trace_residue.present=false
sea.level[15].exact_modulus=154408493183760
sea.level[15].constraint_modulus=1080859452286320
sea.level[15].exact_trace_candidate_count=8191978549793849451593570326136483505198006477629
sea.level[15].trace_candidate_count=2340565299941099843312448664610423858628001850751
sea.level[15].atkin_projective_order.present=false
sea.level[15].atkin_residue_count=0
sea.level[15].compatible_source_lifts=1
sea.level[15].modular_root_workers=1
sea.level[15].modular_root_orbits=1
sea.level[15].modular_root_reused_lifts=0
sea.level[15].modular_root_orbit_reuse=false
sea.level[15].lift_pairs=0
sea.level[15].distinct_codomains=0
sea.level[15].codomain_cache_hits=0
sea.level[15].conjugate_eigenvalue_reuse=true
sea.level[15].eigenvalue_attempts=0
sea.level[15].independent_eigenvalue_recoveries=0
sea.level[15].conjugate_eigenvalues_derived=0
sea.level[16].ell=67
sea.level[16].exact=true
sea.level[16].trace_residue.present=true
sea.level[16].trace_residue.value=2
sea.level[16].exact_modulus=10345369043311920
sea.level[16].constraint_modulus=72417583303183440
sea.level[16].exact_trace_candidate_count=122268336564087305247665228748305723958179201158
sea.level[16].trace_candidate_count=34933810446882087213618636785230206845194057474
sea.level[16].atkin_projective_order.present=false
sea.level[16].atkin_residue_count=0
sea.level[16].compatible_source_lifts=1
sea.level[16].modular_root_workers=1
sea.level[16].modular_root_orbits=1
sea.level[16].modular_root_reused_lifts=0
sea.level[16].modular_root_orbit_reuse=false
sea.level[16].lift_pairs=2
sea.level[16].distinct_codomains=2
sea.level[16].codomain_cache_hits=0
sea.level[16].conjugate_eigenvalue_reuse=true
sea.level[16].eigenvalue_attempts=2
sea.level[16].independent_eigenvalue_recoveries=1
sea.level[16].conjugate_eigenvalues_derived=1
sea.level[17].ell=71
sea.level[17].exact=true
sea.level[17].trace_residue.present=true
sea.level[17].trace_residue.value=19
sea.level[17].exact_modulus=734521202075146320
sea.level[17].constraint_modulus=5141648414526024240
sea.level[17].exact_trace_candidate_count=1722089247381511341516411672511348224763087340
sea.level[17].trace_candidate_count=492025499251860383290403335003242349932310669
sea.level[17].atkin_projective_order.present=false
sea.level[17].atkin_residue_count=0
sea.level[17].compatible_source_lifts=1
sea.level[17].modular_root_workers=1
sea.level[17].modular_root_orbits=1
sea.level[17].modular_root_reused_lifts=0
sea.level[17].modular_root_orbit_reuse=false
sea.level[17].lift_pairs=2
sea.level[17].distinct_codomains=2
sea.level[17].codomain_cache_hits=0
sea.level[17].conjugate_eigenvalue_reuse=true
sea.level[17].eigenvalue_attempts=2
sea.level[17].independent_eigenvalue_recoveries=1
sea.level[17].conjugate_eigenvalues_derived=1
sea.level[18].ell=73
sea.level[18].exact=true
sea.level[18].trace_residue.present=true
sea.level[18].trace_residue.value=60
sea.level[18].exact_modulus=53620047751485681360
sea.level[18].constraint_modulus=375340334260399769520
sea.level[18].exact_trace_candidate_count=23590263662760429335841255787826688010453251
sea.level[18].trace_candidate_count=6740075332217265524526073082236196574415215
sea.level[18].atkin_projective_order.present=false
sea.level[18].atkin_residue_count=0
sea.level[18].compatible_source_lifts=1
sea.level[18].modular_root_workers=1
sea.level[18].modular_root_orbits=1
sea.level[18].modular_root_reused_lifts=0
sea.level[18].modular_root_orbit_reuse=false
sea.level[18].lift_pairs=2
sea.level[18].distinct_codomains=2
sea.level[18].codomain_cache_hits=0
sea.level[18].conjugate_eigenvalue_reuse=true
sea.level[18].eigenvalue_attempts=2
sea.level[18].independent_eigenvalue_recoveries=1
sea.level[18].conjugate_eigenvalues_derived=1
sea.level[19].ell=79
sea.level[19].exact=false
sea.level[19].trace_residue.present=false
sea.level[19].exact_modulus=53620047751485681360
sea.level[19].constraint_modulus=375340334260399769520
sea.level[19].exact_trace_candidate_count=23590263662760429335841255787826688010453251
sea.level[19].trace_candidate_count=6740075332217265524526073082236196574415215
sea.level[19].atkin_projective_order.present=false
sea.level[19].atkin_residue_count=0
sea.level[19].compatible_source_lifts=1
sea.level[19].modular_root_workers=1
sea.level[19].modular_root_orbits=1
sea.level[19].modular_root_reused_lifts=0
sea.level[19].modular_root_orbit_reuse=false
sea.level[19].lift_pairs=0
sea.level[19].distinct_codomains=0
sea.level[19].codomain_cache_hits=0
sea.level[19].conjugate_eigenvalue_reuse=true
sea.level[19].eigenvalue_attempts=0
sea.level[19].independent_eigenvalue_recoveries=0
sea.level[19].conjugate_eigenvalues_derived=0
sea.level[20].ell=83
sea.level[20].exact=false
sea.level[20].trace_residue.present=false
sea.level[20].exact_modulus=53620047751485681360
sea.level[20].constraint_modulus=375340334260399769520
sea.level[20].exact_trace_candidate_count=23590263662760429335841255787826688010453251
sea.level[20].trace_candidate_count=6740075332217265524526073082236196574415215
sea.level[20].atkin_projective_order.present=false
sea.level[20].atkin_residue_count=0
sea.level[20].compatible_source_lifts=1
sea.level[20].modular_root_workers=1
sea.level[20].modular_root_orbits=1
sea.level[20].modular_root_reused_lifts=0
sea.level[20].modular_root_orbit_reuse=false
sea.level[20].lift_pairs=0
sea.level[20].distinct_codomains=0
sea.level[20].codomain_cache_hits=0
sea.level[20].conjugate_eigenvalue_reuse=true
sea.level[20].eigenvalue_attempts=0
sea.level[20].independent_eigenvalue_recoveries=0
sea.level[20].conjugate_eigenvalues_derived=0
sea.level[21].ell=89
sea.level[21].exact=false
sea.level[21].trace_residue.present=false
sea.level[21].exact_modulus=53620047751485681360
sea.level[21].constraint_modulus=375340334260399769520
sea.level[21].exact_trace_candidate_count=23590263662760429335841255787826688010453251
sea.level[21].trace_candidate_count=6740075332217265524526073082236196574415215
sea.level[21].atkin_projective_order.present=false
sea.level[21].atkin_residue_count=0
sea.level[21].compatible_source_lifts=1
sea.level[21].modular_root_workers=1
sea.level[21].modular_root_orbits=1
sea.level[21].modular_root_reused_lifts=0
sea.level[21].modular_root_orbit_reuse=false
sea.level[21].lift_pairs=0
sea.level[21].distinct_codomains=0
sea.level[21].codomain_cache_hits=0
sea.level[21].conjugate_eigenvalue_reuse=true
sea.level[21].eigenvalue_attempts=0
sea.level[21].independent_eigenvalue_recoveries=0
sea.level[21].conjugate_eigenvalues_derived=0
sea.level[22].ell=97
sea.level[22].exact=false
sea.level[22].trace_residue.present=false
sea.level[22].exact_modulus=53620047751485681360
sea.level[22].constraint_modulus=375340334260399769520
sea.level[22].exact_trace_candidate_count=23590263662760429335841255787826688010453251
sea.level[22].trace_candidate_count=6740075332217265524526073082236196574415215
sea.level[22].atkin_projective_order.present=false
sea.level[22].atkin_residue_count=0
sea.level[22].compatible_source_lifts=1
sea.level[22].modular_root_workers=1
sea.level[22].modular_root_orbits=1
sea.level[22].modular_root_reused_lifts=0
sea.level[22].modular_root_orbit_reuse=false
sea.level[22].lift_pairs=0
sea.level[22].distinct_codomains=0
sea.level[22].codomain_cache_hits=0
sea.level[22].conjugate_eigenvalue_reuse=true
sea.level[22].eigenvalue_attempts=0
sea.level[22].independent_eigenvalue_recoveries=0
sea.level[22].conjugate_eigenvalues_derived=0
sea.level[23].ell=101
sea.level[23].exact=true
sea.level[23].trace_residue.present=true
sea.level[23].trace_residue.value=12
sea.level[23].exact_modulus=5415624822900053817360
sea.level[23].constraint_modulus=37909373760300376721520
sea.level[23].exact_trace_candidate_count=233566966958024052830111443443828594162904
sea.level[23].trace_candidate_count=66733419130864015094317555269665312617973
sea.level[23].atkin_projective_order.present=false
sea.level[23].atkin_residue_count=0
sea.level[23].compatible_source_lifts=1
sea.level[23].modular_root_workers=1
sea.level[23].modular_root_orbits=1
sea.level[23].modular_root_reused_lifts=0
sea.level[23].modular_root_orbit_reuse=false
sea.level[23].lift_pairs=2
sea.level[23].distinct_codomains=2
sea.level[23].codomain_cache_hits=0
sea.level[23].conjugate_eigenvalue_reuse=true
sea.level[23].eigenvalue_attempts=2
sea.level[23].independent_eigenvalue_recoveries=1
sea.level[23].conjugate_eigenvalues_derived=1
sea.level[24].ell=103
sea.level[24].exact=false
sea.level[24].trace_residue.present=false
sea.level[24].exact_modulus=5415624822900053817360
sea.level[24].constraint_modulus=37909373760300376721520
sea.level[24].exact_trace_candidate_count=233566966958024052830111443443828594162904
sea.level[24].trace_candidate_count=66733419130864015094317555269665312617973
sea.level[24].atkin_projective_order.present=false
sea.level[24].atkin_residue_count=0
sea.level[24].compatible_source_lifts=1
sea.level[24].modular_root_workers=1
sea.level[24].modular_root_orbits=1
sea.level[24].modular_root_reused_lifts=0
sea.level[24].modular_root_orbit_reuse=false
sea.level[24].lift_pairs=0
sea.level[24].distinct_codomains=0
sea.level[24].codomain_cache_hits=0
sea.level[24].conjugate_eigenvalue_reuse=true
sea.level[24].eigenvalue_attempts=0
sea.level[24].independent_eigenvalue_recoveries=0
sea.level[24].conjugate_eigenvalues_derived=0
sea.level[25].ell=107
sea.level[25].exact=false
sea.level[25].trace_residue.present=false
sea.level[25].exact_modulus=5415624822900053817360
sea.level[25].constraint_modulus=37909373760300376721520
sea.level[25].exact_trace_candidate_count=233566966958024052830111443443828594162904
sea.level[25].trace_candidate_count=66733419130864015094317555269665312617973
sea.level[25].atkin_projective_order.present=false
sea.level[25].atkin_residue_count=0
sea.level[25].compatible_source_lifts=1
sea.level[25].modular_root_workers=1
sea.level[25].modular_root_orbits=1
sea.level[25].modular_root_reused_lifts=0
sea.level[25].modular_root_orbit_reuse=false
sea.level[25].lift_pairs=0
sea.level[25].distinct_codomains=0
sea.level[25].codomain_cache_hits=0
sea.level[25].conjugate_eigenvalue_reuse=true
sea.level[25].eigenvalue_attempts=0
sea.level[25].independent_eigenvalue_recoveries=0
sea.level[25].conjugate_eigenvalues_derived=0
sea.level[26].ell=109
sea.level[26].exact=false
sea.level[26].trace_residue.present=false
sea.level[26].exact_modulus=5415624822900053817360
sea.level[26].constraint_modulus=37909373760300376721520
sea.level[26].exact_trace_candidate_count=233566966958024052830111443443828594162904
sea.level[26].trace_candidate_count=66733419130864015094317555269665312617973
sea.level[26].atkin_projective_order.present=false
sea.level[26].atkin_residue_count=0
sea.level[26].compatible_source_lifts=1
sea.level[26].modular_root_workers=1
sea.level[26].modular_root_orbits=1
sea.level[26].modular_root_reused_lifts=0
sea.level[26].modular_root_orbit_reuse=false
sea.level[26].lift_pairs=0
sea.level[26].distinct_codomains=0
sea.level[26].codomain_cache_hits=0
sea.level[26].conjugate_eigenvalue_reuse=true
sea.level[26].eigenvalue_attempts=0
sea.level[26].independent_eigenvalue_recoveries=0
sea.level[26].conjugate_eigenvalues_derived=0
sea.level[27].ell=113
sea.level[27].exact=false
sea.level[27].trace_residue.present=false
sea.level[27].exact_modulus=5415624822900053817360
sea.level[27].constraint_modulus=37909373760300376721520
sea.level[27].exact_trace_candidate_count=233566966958024052830111443443828594162904
sea.level[27].trace_candidate_count=66733419130864015094317555269665312617973
sea.level[27].atkin_projective_order.present=false
sea.level[27].atkin_residue_count=0
sea.level[27].compatible_source_lifts=1
sea.level[27].modular_root_workers=1
sea.level[27].modular_root_orbits=1
sea.level[27].modular_root_reused_lifts=0
sea.level[27].modular_root_orbit_reuse=false
sea.level[27].lift_pairs=0
sea.level[27].distinct_codomains=0
sea.level[27].codomain_cache_hits=0
sea.level[27].conjugate_eigenvalue_reuse=true
sea.level[27].eigenvalue_attempts=0
sea.level[27].independent_eigenvalue_recoveries=0
sea.level[27].conjugate_eigenvalues_derived=0
sea.level[28].ell=127
sea.level[28].exact=true
sea.level[28].trace_residue.present=true
sea.level[28].trace_residue.value=28
sea.level[28].exact_modulus=687784352508306834804720
sea.level[28].constraint_modulus=4814490467558147843633040
sea.level[28].exact_trace_candidate_count=1839109976047433486851271208219122788685
sea.level[28].trace_candidate_count=525459993156409567671791773776892225339
sea.level[28].atkin_projective_order.present=false
sea.level[28].atkin_residue_count=0
sea.level[28].compatible_source_lifts=1
sea.level[28].modular_root_workers=1
sea.level[28].modular_root_orbits=1
sea.level[28].modular_root_reused_lifts=0
sea.level[28].modular_root_orbit_reuse=false
sea.level[28].lift_pairs=2
sea.level[28].distinct_codomains=2
sea.level[28].codomain_cache_hits=0
sea.level[28].conjugate_eigenvalue_reuse=true
sea.level[28].eigenvalue_attempts=2
sea.level[28].independent_eigenvalue_recoveries=1
sea.level[28].conjugate_eigenvalues_derived=1
sea.level[29].ell=131
sea.level[29].exact=false
sea.level[29].trace_residue.present=false
sea.level[29].exact_modulus=687784352508306834804720
sea.level[29].constraint_modulus=4814490467558147843633040
sea.level[29].exact_trace_candidate_count=1839109976047433486851271208219122788685
sea.level[29].trace_candidate_count=525459993156409567671791773776892225339
sea.level[29].atkin_projective_order.present=false
sea.level[29].atkin_residue_count=0
sea.level[29].compatible_source_lifts=1
sea.level[29].modular_root_workers=1
sea.level[29].modular_root_orbits=1
sea.level[29].modular_root_reused_lifts=0
sea.level[29].modular_root_orbit_reuse=false
sea.level[29].lift_pairs=0
sea.level[29].distinct_codomains=0
sea.level[29].codomain_cache_hits=0
sea.level[29].conjugate_eigenvalue_reuse=true
sea.level[29].eigenvalue_attempts=0
sea.level[29].independent_eigenvalue_recoveries=0
sea.level[29].conjugate_eigenvalues_derived=0
sea.level[30].ell=137
sea.level[30].exact=true
sea.level[30].trace_residue.present=true
sea.level[30].trace_residue.value=122
sea.level[30].exact_modulus=94226456293638036368246640
sea.level[30].constraint_modulus=659585194055466254577726480
sea.level[30].exact_trace_candidate_count=13424160409105353918622417578241772181
sea.level[30].trace_candidate_count=3835474402601529691034976450926220623
sea.level[30].atkin_projective_order.present=false
sea.level[30].atkin_residue_count=0
sea.level[30].compatible_source_lifts=1
sea.level[30].modular_root_workers=1
sea.level[30].modular_root_orbits=1
sea.level[30].modular_root_reused_lifts=0
sea.level[30].modular_root_orbit_reuse=false
sea.level[30].lift_pairs=2
sea.level[30].distinct_codomains=2
sea.level[30].codomain_cache_hits=0
sea.level[30].conjugate_eigenvalue_reuse=true
sea.level[30].eigenvalue_attempts=2
sea.level[30].independent_eigenvalue_recoveries=1
sea.level[30].conjugate_eigenvalues_derived=1
sea.level[31].ell=139
sea.level[31].exact=true
sea.level[31].trace_residue.present=true
sea.level[31].trace_residue.value=84
sea.level[31].exact_modulus=13097477424815687055186282960
sea.level[31].constraint_modulus=91682341973709809386303980720
sea.level[31].exact_trace_candidate_count=96576693590685999414549766749940807
sea.level[31].trace_candidate_count=27593341025910285547014219071411658
sea.level[31].atkin_projective_order.present=false
sea.level[31].atkin_residue_count=0
sea.level[31].compatible_source_lifts=1
sea.level[31].modular_root_workers=1
sea.level[31].modular_root_orbits=1
sea.level[31].modular_root_reused_lifts=0
sea.level[31].modular_root_orbit_reuse=false
sea.level[31].lift_pairs=2
sea.level[31].distinct_codomains=2
sea.level[31].codomain_cache_hits=0
sea.level[31].conjugate_eigenvalue_reuse=true
sea.level[31].eigenvalue_attempts=2
sea.level[31].independent_eigenvalue_recoveries=1
sea.level[31].conjugate_eigenvalues_derived=1
sea.level[32].ell=149
sea.level[32].exact=false
sea.level[32].trace_residue.present=false
sea.level[32].exact_modulus=13097477424815687055186282960
sea.level[32].constraint_modulus=91682341973709809386303980720
sea.level[32].exact_trace_candidate_count=96576693590685999414549766749940807
sea.level[32].trace_candidate_count=27593341025910285547014219071411658
sea.level[32].atkin_projective_order.present=false
sea.level[32].atkin_residue_count=0
sea.level[32].compatible_source_lifts=1
sea.level[32].modular_root_workers=1
sea.level[32].modular_root_orbits=1
sea.level[32].modular_root_reused_lifts=0
sea.level[32].modular_root_orbit_reuse=false
sea.level[32].lift_pairs=0
sea.level[32].distinct_codomains=0
sea.level[32].codomain_cache_hits=0
sea.level[32].conjugate_eigenvalue_reuse=true
sea.level[32].eigenvalue_attempts=0
sea.level[32].independent_eigenvalue_recoveries=0
sea.level[32].conjugate_eigenvalues_derived=0
sea.level[33].ell=151
sea.level[33].exact=true
sea.level[33].trace_residue.present=true
sea.level[33].trace_residue.value=95
sea.level[33].exact_modulus=1977719091147168745333128726960
sea.level[33].constraint_modulus=13844033638030181217331901088720
sea.level[33].exact_trace_candidate_count=639580752256198671619534879138681
sea.level[33].trace_candidate_count=182737357787485334748438536896766
sea.level[33].atkin_projective_order.present=false
sea.level[33].atkin_residue_count=0
sea.level[33].compatible_source_lifts=1
sea.level[33].modular_root_workers=1
sea.level[33].modular_root_orbits=1
sea.level[33].modular_root_reused_lifts=0
sea.level[33].modular_root_orbit_reuse=false
sea.level[33].lift_pairs=2
sea.level[33].distinct_codomains=2
sea.level[33].codomain_cache_hits=0
sea.level[33].conjugate_eigenvalue_reuse=true
sea.level[33].eigenvalue_attempts=2
sea.level[33].independent_eigenvalue_recoveries=1
sea.level[33].conjugate_eigenvalues_derived=1
sea.level[34].ell=157
sea.level[34].exact=true
sea.level[34].trace_residue.present=true
sea.level[34].trace_residue.value=106
sea.level[34].exact_modulus=310501897310105493017301210132720
sea.level[34].constraint_modulus=2173513281170738451121108470929040
sea.level[34].exact_trace_candidate_count=4073762753224195360633980121902
sea.level[34].trace_candidate_count=1163932215206912960181137177687
sea.level[34].atkin_projective_order.present=false
sea.level[34].atkin_residue_count=0
sea.level[34].compatible_source_lifts=1
sea.level[34].modular_root_workers=1
sea.level[34].modular_root_orbits=1
sea.level[34].modular_root_reused_lifts=0
sea.level[34].modular_root_orbit_reuse=false
sea.level[34].lift_pairs=2
sea.level[34].distinct_codomains=2
sea.level[34].codomain_cache_hits=0
sea.level[34].conjugate_eigenvalue_reuse=true
sea.level[34].eigenvalue_attempts=2
sea.level[34].independent_eigenvalue_recoveries=1
sea.level[34].conjugate_eigenvalues_derived=1
sea.level[35].ell=163
sea.level[35].exact=false
sea.level[35].trace_residue.present=false
sea.level[35].exact_modulus=310501897310105493017301210132720
sea.level[35].constraint_modulus=2173513281170738451121108470929040
sea.level[35].exact_trace_candidate_count=4073762753224195360633980121902
sea.level[35].trace_candidate_count=1163932215206912960181137177687
sea.level[35].atkin_projective_order.present=false
sea.level[35].atkin_residue_count=0
sea.level[35].compatible_source_lifts=1
sea.level[35].modular_root_workers=1
sea.level[35].modular_root_orbits=1
sea.level[35].modular_root_reused_lifts=0
sea.level[35].modular_root_orbit_reuse=false
sea.level[35].lift_pairs=0
sea.level[35].distinct_codomains=0
sea.level[35].codomain_cache_hits=0
sea.level[35].conjugate_eigenvalue_reuse=true
sea.level[35].eigenvalue_attempts=0
sea.level[35].independent_eigenvalue_recoveries=0
sea.level[35].conjugate_eigenvalues_derived=0
sea.level[36].ell=167
sea.level[36].exact=false
sea.level[36].trace_residue.present=false
sea.level[36].exact_modulus=310501897310105493017301210132720
sea.level[36].constraint_modulus=2173513281170738451121108470929040
sea.level[36].exact_trace_candidate_count=4073762753224195360633980121902
sea.level[36].trace_candidate_count=1163932215206912960181137177687
sea.level[36].atkin_projective_order.present=false
sea.level[36].atkin_residue_count=0
sea.level[36].compatible_source_lifts=1
sea.level[36].modular_root_workers=1
sea.level[36].modular_root_orbits=1
sea.level[36].modular_root_reused_lifts=0
sea.level[36].modular_root_orbit_reuse=false
sea.level[36].lift_pairs=0
sea.level[36].distinct_codomains=0
sea.level[36].codomain_cache_hits=0
sea.level[36].conjugate_eigenvalue_reuse=true
sea.level[36].eigenvalue_attempts=0
sea.level[36].independent_eigenvalue_recoveries=0
sea.level[36].conjugate_eigenvalues_derived=0
sea.level[37].ell=173
sea.level[37].exact=false
sea.level[37].trace_residue.present=false
sea.level[37].exact_modulus=310501897310105493017301210132720
sea.level[37].constraint_modulus=2173513281170738451121108470929040
sea.level[37].exact_trace_candidate_count=4073762753224195360633980121902
sea.level[37].trace_candidate_count=1163932215206912960181137177687
sea.level[37].atkin_projective_order.present=false
sea.level[37].atkin_residue_count=0
sea.level[37].compatible_source_lifts=1
sea.level[37].modular_root_workers=1
sea.level[37].modular_root_orbits=1
sea.level[37].modular_root_reused_lifts=0
sea.level[37].modular_root_orbit_reuse=false
sea.level[37].lift_pairs=0
sea.level[37].distinct_codomains=0
sea.level[37].codomain_cache_hits=0
sea.level[37].conjugate_eigenvalue_reuse=true
sea.level[37].eigenvalue_attempts=0
sea.level[37].independent_eigenvalue_recoveries=0
sea.level[37].conjugate_eigenvalues_derived=0
sea.level[38].ell=179
sea.level[38].exact=true
sea.level[38].trace_residue.present=true
sea.level[38].trace_residue.value=20
sea.level[38].exact_modulus=55579839618508883250096916613756880
sea.level[38].constraint_modulus=389058877329562182750678416296298160
sea.level[38].exact_trace_candidate_count=22758451135330700338737319117
sea.level[38].trace_candidate_count=6502414610094485811067805462
sea.level[38].atkin_projective_order.present=false
sea.level[38].atkin_residue_count=0
sea.level[38].compatible_source_lifts=1
sea.level[38].modular_root_workers=1
sea.level[38].modular_root_orbits=1
sea.level[38].modular_root_reused_lifts=0
sea.level[38].modular_root_orbit_reuse=false
sea.level[38].lift_pairs=2
sea.level[38].distinct_codomains=2
sea.level[38].codomain_cache_hits=0
sea.level[38].conjugate_eigenvalue_reuse=true
sea.level[38].eigenvalue_attempts=2
sea.level[38].independent_eigenvalue_recoveries=1
sea.level[38].conjugate_eigenvalues_derived=1
sea.level[39].ell=181
sea.level[39].exact=false
sea.level[39].trace_residue.present=false
sea.level[39].exact_modulus=55579839618508883250096916613756880
sea.level[39].constraint_modulus=389058877329562182750678416296298160
sea.level[39].exact_trace_candidate_count=22758451135330700338737319117
sea.level[39].trace_candidate_count=6502414610094485811067805462
sea.level[39].atkin_projective_order.present=false
sea.level[39].atkin_residue_count=0
sea.level[39].compatible_source_lifts=1
sea.level[39].modular_root_workers=1
sea.level[39].modular_root_orbits=1
sea.level[39].modular_root_reused_lifts=0
sea.level[39].modular_root_orbit_reuse=false
sea.level[39].lift_pairs=0
sea.level[39].distinct_codomains=0
sea.level[39].codomain_cache_hits=0
sea.level[39].conjugate_eigenvalue_reuse=true
sea.level[39].eigenvalue_attempts=0
sea.level[39].independent_eigenvalue_recoveries=0
sea.level[39].conjugate_eigenvalues_derived=0
sea.level[40].ell=191
sea.level[40].exact=false
sea.level[40].trace_residue.present=false
sea.level[40].exact_modulus=55579839618508883250096916613756880
sea.level[40].constraint_modulus=389058877329562182750678416296298160
sea.level[40].exact_trace_candidate_count=22758451135330700338737319117
sea.level[40].trace_candidate_count=6502414610094485811067805462
sea.level[40].atkin_projective_order.present=false
sea.level[40].atkin_residue_count=0
sea.level[40].compatible_source_lifts=1
sea.level[40].modular_root_workers=1
sea.level[40].modular_root_orbits=1
sea.level[40].modular_root_reused_lifts=0
sea.level[40].modular_root_orbit_reuse=false
sea.level[40].lift_pairs=0
sea.level[40].distinct_codomains=0
sea.level[40].codomain_cache_hits=0
sea.level[40].conjugate_eigenvalue_reuse=true
sea.level[40].eigenvalue_attempts=0
sea.level[40].independent_eigenvalue_recoveries=0
sea.level[40].conjugate_eigenvalues_derived=0
sea.level[41].ell=193
sea.level[41].exact=false
sea.level[41].trace_residue.present=false
sea.level[41].exact_modulus=55579839618508883250096916613756880
sea.level[41].constraint_modulus=389058877329562182750678416296298160
sea.level[41].exact_trace_candidate_count=22758451135330700338737319117
sea.level[41].trace_candidate_count=6502414610094485811067805462
sea.level[41].atkin_projective_order.present=false
sea.level[41].atkin_residue_count=0
sea.level[41].compatible_source_lifts=1
sea.level[41].modular_root_workers=1
sea.level[41].modular_root_orbits=1
sea.level[41].modular_root_reused_lifts=0
sea.level[41].modular_root_orbit_reuse=false
sea.level[41].lift_pairs=0
sea.level[41].distinct_codomains=0
sea.level[41].codomain_cache_hits=0
sea.level[41].conjugate_eigenvalue_reuse=true
sea.level[41].eigenvalue_attempts=0
sea.level[41].independent_eigenvalue_recoveries=0
sea.level[41].conjugate_eigenvalues_derived=0
sea.level[42].ell=197
sea.level[42].exact=true
sea.level[42].trace_residue.present=true
sea.level[42].trace_residue.value=158
sea.level[42].exact_modulus=10949228404846250000269092572910105360
sea.level[42].constraint_modulus=76644598833923750001883648010370737520
sea.level[42].exact_trace_candidate_count=115525132666653301211864564
sea.level[42].trace_candidate_count=33007180761900943203389876
sea.level[42].atkin_projective_order.present=false
sea.level[42].atkin_residue_count=0
sea.level[42].compatible_source_lifts=1
sea.level[42].modular_root_workers=1
sea.level[42].modular_root_orbits=1
sea.level[42].modular_root_reused_lifts=0
sea.level[42].modular_root_orbit_reuse=false
sea.level[42].lift_pairs=2
sea.level[42].distinct_codomains=2
sea.level[42].codomain_cache_hits=0
sea.level[42].conjugate_eigenvalue_reuse=true
sea.level[42].eigenvalue_attempts=2
sea.level[42].independent_eigenvalue_recoveries=1
sea.level[42].conjugate_eigenvalues_derived=1
sea.level[43].ell=199
sea.level[43].exact=true
sea.level[43].trace_residue.present=true
sea.level[43].trace_residue.value=160
sea.level[43].exact_modulus=2178896452564403750053549422009110966640
sea.level[43].constraint_modulus=15252275167950826250374845954063776766480
sea.level[43].exact_trace_candidate_count=580528304857554277446555
sea.level[43].trace_candidate_count=165865229959301222127587
sea.level[43].atkin_projective_order.present=false
sea.level[43].atkin_residue_count=0
sea.level[43].compatible_source_lifts=1
sea.level[43].modular_root_workers=1
sea.level[43].modular_root_orbits=1
sea.level[43].modular_root_reused_lifts=0
sea.level[43].modular_root_orbit_reuse=false
sea.level[43].lift_pairs=1
sea.level[43].distinct_codomains=1
sea.level[43].codomain_cache_hits=0
sea.level[43].conjugate_eigenvalue_reuse=true
sea.level[43].eigenvalue_attempts=1
sea.level[43].independent_eigenvalue_recoveries=1
sea.level[43].conjugate_eigenvalues_derived=0
sea.level[44].ell=211
sea.level[44].exact=true
sea.level[44].trace_residue.present=true
sea.level[44].trace_residue.value=122
sea.level[44].exact_modulus=459747151491089191261298928043922413961040
sea.level[44].constraint_modulus=3218230060437624338829092496307456897727280
sea.level[44].exact_trace_candidate_count=2751318980367555817283
sea.level[44].trace_candidate_count=786091137247873090653
sea.level[44].atkin_projective_order.present=false
sea.level[44].atkin_residue_count=0
sea.level[44].compatible_source_lifts=1
sea.level[44].modular_root_workers=1
sea.level[44].modular_root_orbits=1
sea.level[44].modular_root_reused_lifts=0
sea.level[44].modular_root_orbit_reuse=false
sea.level[44].lift_pairs=2
sea.level[44].distinct_codomains=2
sea.level[44].codomain_cache_hits=0
sea.level[44].conjugate_eigenvalue_reuse=true
sea.level[44].eigenvalue_attempts=2
sea.level[44].independent_eigenvalue_recoveries=1
sea.level[44].conjugate_eigenvalues_derived=1
sea.level[45].ell=223
sea.level[45].exact=true
sea.level[45].trace_residue.present=true
sea.level[45].trace_residue.value=12
sea.level[45].exact_modulus=102523614782512889651269660953794698313311920
sea.level[45].constraint_modulus=717665303477590227558887626676562888193183440
sea.level[45].exact_trace_candidate_count=12337753275190833262
sea.level[45].trace_candidate_count=3525072364340238075
sea.level[45].atkin_projective_order.present=false
sea.level[45].atkin_residue_count=0
sea.level[45].compatible_source_lifts=1
sea.level[45].modular_root_workers=1
sea.level[45].modular_root_orbits=1
sea.level[45].modular_root_reused_lifts=0
sea.level[45].modular_root_orbit_reuse=false
sea.level[45].lift_pairs=2
sea.level[45].distinct_codomains=2
sea.level[45].codomain_cache_hits=0
sea.level[45].conjugate_eigenvalue_reuse=true
sea.level[45].eigenvalue_attempts=2
sea.level[45].independent_eigenvalue_recoveries=1
sea.level[45].conjugate_eigenvalues_derived=1
sea.level[46].ell=227
sea.level[46].exact=false
sea.level[46].trace_residue.present=false
sea.level[46].exact_modulus=102523614782512889651269660953794698313311920
sea.level[46].constraint_modulus=717665303477590227558887626676562888193183440
sea.level[46].exact_trace_candidate_count=12337753275190833262
sea.level[46].trace_candidate_count=3525072364340238075
sea.level[46].atkin_projective_order.present=false
sea.level[46].atkin_residue_count=0
sea.level[46].compatible_source_lifts=1
sea.level[46].modular_root_workers=1
sea.level[46].modular_root_orbits=1
sea.level[46].modular_root_reused_lifts=0
sea.level[46].modular_root_orbit_reuse=false
sea.level[46].lift_pairs=0
sea.level[46].distinct_codomains=0
sea.level[46].codomain_cache_hits=0
sea.level[46].conjugate_eigenvalue_reuse=true
sea.level[46].eigenvalue_attempts=0
sea.level[46].independent_eigenvalue_recoveries=0
sea.level[46].conjugate_eigenvalues_derived=0
sea.level[47].ell=229
sea.level[47].exact=true
sea.level[47].trace_residue.present=true
sea.level[47].trace_residue.value=157
sea.level[47].exact_modulus=23477907785195451730140752358418985913748429680
sea.level[47].constraint_modulus=164345354496368162110985266508932901396239007760
sea.level[47].exact_trace_candidate_count=53876651856728530
sea.level[47].trace_candidate_count=15393329101922438
sea.level[47].atkin_projective_order.present=false
sea.level[47].atkin_residue_count=0
sea.level[47].compatible_source_lifts=1
sea.level[47].modular_root_workers=1
sea.level[47].modular_root_orbits=1
sea.level[47].modular_root_reused_lifts=0
sea.level[47].modular_root_orbit_reuse=false
sea.level[47].lift_pairs=2
sea.level[47].distinct_codomains=2
sea.level[47].codomain_cache_hits=0
sea.level[47].conjugate_eigenvalue_reuse=true
sea.level[47].eigenvalue_attempts=2
sea.level[47].independent_eigenvalue_recoveries=1
sea.level[47].conjugate_eigenvalues_derived=1
sea.level[48].ell=233
sea.level[48].exact=true
sea.level[48].trace_residue.present=true
sea.level[48].trace_residue.value=6
sea.level[48].exact_modulus=5470352513950540253122795299511623717903384115440
sea.level[48].constraint_modulus=38292467597653781771859567096581366025323688808080
sea.level[48].exact_trace_candidate_count=231230265479521
sea.level[48].trace_candidate_count=66065790137006
sea.level[48].atkin_projective_order.present=false
sea.level[48].atkin_residue_count=0
sea.level[48].compatible_source_lifts=1
sea.level[48].modular_root_workers=1
sea.level[48].modular_root_orbits=1
sea.level[48].modular_root_reused_lifts=0
sea.level[48].modular_root_orbit_reuse=false
sea.level[48].lift_pairs=2
sea.level[48].distinct_codomains=2
sea.level[48].codomain_cache_hits=0
sea.level[48].conjugate_eigenvalue_reuse=true
sea.level[48].eigenvalue_attempts=2
sea.level[48].independent_eigenvalue_recoveries=1
sea.level[48].conjugate_eigenvalues_derived=1
sea.level[49].ell=239
sea.level[49].exact=true
sea.level[49].trace_residue.present=true
sea.level[49].trace_residue.value=80
sea.level[49].exact_modulus=1307414250834179120496348076583278068578908803590160
sea.level[49].constraint_modulus=9151899755839253843474436536082946480052361625131120
sea.level[49].exact_trace_candidate_count=967490650542
sea.level[49].trace_candidate_count=276425900155
sea.level[49].atkin_projective_order.present=false
sea.level[49].atkin_residue_count=0
sea.level[49].compatible_source_lifts=1
sea.level[49].modular_root_workers=1
sea.level[49].modular_root_orbits=1
sea.level[49].modular_root_reused_lifts=0
sea.level[49].modular_root_orbit_reuse=false
sea.level[49].lift_pairs=2
sea.level[49].distinct_codomains=2
sea.level[49].codomain_cache_hits=0
sea.level[49].conjugate_eigenvalue_reuse=true
sea.level[49].eigenvalue_attempts=2
sea.level[49].independent_eigenvalue_recoveries=1
sea.level[49].conjugate_eigenvalues_derived=1
sea.level[50].ell=241
sea.level[50].exact=true
sea.level[50].trace_residue.present=true
sea.level[50].trace_residue.value=119
sea.level[50].exact_modulus=315086834451037168039619886456570014527517021665228560
sea.level[50].constraint_modulus=2205607841157260176277339205195990101692619151656599920
sea.level[50].exact_trace_candidate_count=4014484027
sea.level[50].trace_candidate_count=1146995436
sea.level[50].atkin_projective_order.present=false
sea.level[50].atkin_residue_count=0
sea.level[50].compatible_source_lifts=1
sea.level[50].modular_root_workers=1
sea.level[50].modular_root_orbits=1
sea.level[50].modular_root_reused_lifts=0
sea.level[50].modular_root_orbit_reuse=false
sea.level[50].lift_pairs=2
sea.level[50].distinct_codomains=2
sea.level[50].codomain_cache_hits=0
sea.level[50].conjugate_eigenvalue_reuse=true
sea.level[50].eigenvalue_attempts=2
sea.level[50].independent_eigenvalue_recoveries=1
sea.level[50].conjugate_eigenvalues_derived=1
sea.level[51].ell=251
sea.level[51].exact=true
sea.level[51].trace_residue.present=true
sea.level[51].trace_residue.value=39
sea.level[51].exact_modulus=79086795447210329177944591500599073646406772437972368560
sea.level[51].constraint_modulus=553607568130472304245612140504193515524847407065806579920
sea.level[51].exact_trace_candidate_count=15993960
sea.level[51].trace_candidate_count=4569702
sea.level[51].atkin_projective_order.present=false
sea.level[51].atkin_residue_count=0
sea.level[51].compatible_source_lifts=1
sea.level[51].modular_root_workers=1
sea.level[51].modular_root_orbits=1
sea.level[51].modular_root_reused_lifts=0
sea.level[51].modular_root_orbit_reuse=false
sea.level[51].lift_pairs=2
sea.level[51].distinct_codomains=2
sea.level[51].codomain_cache_hits=0
sea.level[51].conjugate_eigenvalue_reuse=true
sea.level[51].eigenvalue_attempts=2
sea.level[51].independent_eigenvalue_recoveries=1
sea.level[51].conjugate_eigenvalues_derived=1
sea.level[52].ell=257
sea.level[52].exact=false
sea.level[52].trace_residue.present=false
sea.level[52].exact_modulus=79086795447210329177944591500599073646406772437972368560
sea.level[52].constraint_modulus=553607568130472304245612140504193515524847407065806579920
sea.level[52].exact_trace_candidate_count=15993960
sea.level[52].trace_candidate_count=4569702
sea.level[52].atkin_projective_order.present=false
sea.level[52].atkin_residue_count=0
sea.level[52].compatible_source_lifts=1
sea.level[52].modular_root_workers=1
sea.level[52].modular_root_orbits=1
sea.level[52].modular_root_reused_lifts=0
sea.level[52].modular_root_orbit_reuse=false
sea.level[52].lift_pairs=0
sea.level[52].distinct_codomains=0
sea.level[52].codomain_cache_hits=0
sea.level[52].conjugate_eigenvalue_reuse=true
sea.level[52].eigenvalue_attempts=0
sea.level[52].independent_eigenvalue_recoveries=0
sea.level[52].conjugate_eigenvalues_derived=0
sea.level[53].ell=263
sea.level[53].exact=true
sea.level[53].trace_residue.present=true
sea.level[53].trace_residue.value=51
sea.level[53].exact_modulus=20799827202616316573799427564657556369004981151186732931280
sea.level[53].constraint_modulus=145598790418314216016595992952602894583034868058307130518960
sea.level[53].exact_trace_candidate_count=60813
sea.level[53].trace_candidate_count=17375
sea.level[53].atkin_projective_order.present=false
sea.level[53].atkin_residue_count=0
sea.level[53].compatible_source_lifts=1
sea.level[53].modular_root_workers=1
sea.level[53].modular_root_orbits=1
sea.level[53].modular_root_reused_lifts=0
sea.level[53].modular_root_orbit_reuse=false
sea.level[53].lift_pairs=2
sea.level[53].distinct_codomains=2
sea.level[53].codomain_cache_hits=0
sea.level[53].conjugate_eigenvalue_reuse=true
sea.level[53].eigenvalue_attempts=2
sea.level[53].independent_eigenvalue_recoveries=1
sea.level[53].conjugate_eigenvalues_derived=1
sea.level[54].ell=269
sea.level[54].exact=true
sea.level[54].trace_residue.present=true
sea.level[54].trace_residue.value=230
sea.level[54].exact_modulus=5595153517503789158352046014892882663262339929669231158514320
sea.level[54].constraint_modulus=39166074622526524108464322104250178642836379507684618109600240
sea.level[54].exact_trace_candidate_count=226
sea.level[54].trace_candidate_count=65
sea.level[54].atkin_projective_order.present=false
sea.level[54].atkin_residue_count=0
sea.level[54].compatible_source_lifts=1
sea.level[54].modular_root_workers=1
sea.level[54].modular_root_orbits=1
sea.level[54].modular_root_reused_lifts=0
sea.level[54].modular_root_orbit_reuse=false
sea.level[54].lift_pairs=2
sea.level[54].distinct_codomains=2
sea.level[54].codomain_cache_hits=0
sea.level[54].conjugate_eigenvalue_reuse=true
sea.level[54].eigenvalue_attempts=2
sea.level[54].independent_eigenvalue_recoveries=1
sea.level[54].conjugate_eigenvalues_derived=1
sea.level[55].ell=271
sea.level[55].exact=true
sea.level[55].trace_residue.present=true
sea.level[55].trace_residue.value=140
sea.level[55].exact_modulus=1516286603243526861913404470035971201744094120940361643957380720
sea.level[55].constraint_modulus=10614006222704688033393831290251798412208658846582531507701665040
sea.level[55].exact_trace_candidate_count=1
sea.level[55].trace_candidate_count=1
sea.level[55].atkin_projective_order.present=false
sea.level[55].atkin_residue_count=0
sea.level[55].compatible_source_lifts=1
sea.level[55].modular_root_workers=1
sea.level[55].modular_root_orbits=1
sea.level[55].modular_root_reused_lifts=0
sea.level[55].modular_root_orbit_reuse=false
sea.level[55].lift_pairs=2
sea.level[55].distinct_codomains=2
sea.level[55].codomain_cache_hits=0
sea.level[55].conjugate_eigenvalue_reuse=true
sea.level[55].eigenvalue_attempts=2
sea.level[55].independent_eigenvalue_recoveries=1
sea.level[55].conjugate_eigenvalues_derived=1
sea.exact_constraints.prime=100000000000000000000000000000000000000000000000000000000000000000000000000000000000000000000000000000000000000000000000000237
sea.exact_constraints.modulus=1516286603243526861913404470035971201744094120940361643957380720
sea.exact_constraints.hasse_radius=632455532033675866399778708886543706743911027865043365371500970
sea.exact_constraints.candidate_count=1
sea.exact_constraints.residues.size=1
sea.exact_constraints.residues[0]=982001733906207124617890552380717292134269940674130801189849858
sea.effective_constraints.prime=100000000000000000000000000000000000000000000000000000000000000000000000000000000000000000000000000000000000000000000000000237
sea.effective_constraints.modulus=10614006222704688033393831290251798412208658846582531507701665040
sea.effective_constraints.hasse_radius=632455532033675866399778708886543706743911027865043365371500970
sea.effective_constraints.candidate_count=1
sea.effective_constraints.residues.size=2
sea.effective_constraints.residues[0]=7047148146880314572271508432524602099110646424435577377019372738
sea.effective_constraints.residues[1]=10079721353367368296098317372596544502598834666316300664934134178
sea.atkin_constraints.size=1
sea.atkin_constraints[0].ell=7
sea.atkin_constraints[0].projective_order=4
sea.atkin_constraints[0].trace_residues.size=2
sea.atkin_constraints[0].trace_residues[0]=1
sea.atkin_constraints[0].trace_residues[1]=6
sea.compatible_source_lifts.size=1
sea.compatible_source_lifts[0]=1809128800056467331602026467513268592329625093277967630958499026146673630321832367487800977065301451815067629906666058152908
sea.traces.present=true
sea.traces.size=1
sea.traces[0]=-534284869337319737295513917655253909609824180266230842767530862
sea.schoof_fallback_levels.size=0
