projection.schema=oneshotsea.p125-poly-trusted.v1
projection.mode=frobenius
prime=100000000000000000000000000000000000000000000000000000000000000000000000000000000000000000000000000000000000000000000000000237
seed=202607300000
global_index=1000030
point_four_required=true
degree=194
repetitions=5
generator.counters.u_samples=83
generator.counters.u_polynomials_without_roots=58
generator.counters.x1_points=94
generator.counters.exceptional_map_points=0
generator.counters.singular_curves=0
generator.counters.exceptional_j=0
generator.counters.exact_order_27_failures=0
generator.counters.points_without_weber_lifts=90
generator.counters.weber_lifts=48
generator.counters.nonsquare_explicit_montgomery_u=36
generator.counters.points_without_explicit_montgomery_model=3
generator.counters.full_two_torsion_failures=0
generator.counters.point_four_rejections=0
generator.counters.accepted=1
generator.schema=oneshotsea.x1-27-probe.v1
generator.version=x1-27-sutherland-tate-weber-montgomery-v1
generator.formula_sha256=b63a2527b1778acce2fa7d003655d929c1687eec9902b03982e729e11a571250
generator.global_index=1000030
generator.x1_u=26704565842674153393243800331257175333015473830260526761199712838773268540061400676082648107903230541311209281133372220738280
generator.x1_v=96157628130822406025300786540039518914833220754606750652752236076454891852546684276046328015339347106357694407509933536786011
generator.tate_r=79186404514504640908489563357495132047473300985745334007027282221067042003190569848064792557022135799404560961950346708506182
generator.tate_s=97344229614753972965848250744010819753714742776083096355334483195213524714082530784026176996231290284591848472620141995851293
generator.tate_a1=49745313115319430682167218169974833061015613176636027902841318215574451297670150619771568874622136097135708138148194269717906
generator.tate_a2=27764916967061971217138878788736250964352590294260318838835671598138231183773718554058342837644993112298245089277614786400485
generator.tate_a3=27764916967061971217138878788736250964352590294260318838835671598138231183773718554058342837644993112298245089277614786400485
generator.tate_curve.a=49377142497698681595970782642862367538446121143050014905292247748068562197494249365027113748490477034970688557256456101210790
generator.tate_curve.b=1637125298347606662877013541092189648704824505709051478707161928016842100398075151326089709644266458594437977911679191272818
generator.tate_point.x=47430998343380494779385608102458782911084724411415985585504709649189020355042544900715002330689680491316888254909440364043595
generator.tate_point.y=98611032442692891450998909183515104150079751780114434594252532598928967847561603838301026465659256128210469641982396931245507
generator.explicit_montgomery_coefficient=37612961439576477422476243262538096153125956509527248198562312357931563706915176176735623844837745423875400897213336065733224
generator.weber_f=1809128800056467331602026467513268592329625093277967630958499026146673630321832367487800977065301451815067629906666058152908
generator.j=29086728336443714803772542398717971874025276695818145964301099244742489053379916095398258597239347882384093421392067341916672
generator.twist_parameter=2
generator.curve.a=24695916746375285203490140593970257817161480924700052157539187724647340231554000845239547321663901475964613358534920636619155
generator.curve.b=16463944497583523468993427062646838544774320616466701438359458483098226821036000563493031547775934317309742239023280424412770
generator.twist.a=98783666985501140813960562375881031268645923698800208630156750898589360926216003380958189286655605903858453434139682546476620
generator.twist.b=31711555980668187751947416501174708358194564931733611506875667864785814568288004507944252382207474538477937912186243395301923
generator.rejected_samples=82
generator.selected_side=twist
generator.full_rational_two_torsion=true
generator.point_order_four=true
generator.cyclic_divisor=108
generator.group_divisor=432
generator.opposite_order_residue=28
quotient.modulus.degree=194
quotient.modulus.coefficients.size=195
quotient.modulus.coefficients[0]=21422494837630832588101978687944082341933467830288653676450040420826452255630773167612511663585594765660683349963262176195004
quotient.modulus.coefficients[1]=96851848627680226964141964991103210247310369202761935732578246617119347809698649365487209682022064006199264864728288803250026
quotient.modulus.coefficients[2]=48276595720153670184546921275124117079589289143198334020090429591335106296072594334269744680535192263321413043692588511952323
quotient.modulus.coefficients[3]=89876435880118394915808652280658145603006017577465501425235439012149469886770047441354659084548812454762305802218741426357425
quotient.modulus.coefficients[4]=73348977610416564966352554207214095043532015647404693269441770284737688149592107802719998296229805758922207208475642089487536
quotient.modulus.coefficients[5]=78116539249853919917479738045898063726950559797582617972162252315681398010706099408032002428216329178645068234125993505487860
quotient.modulus.coefficients[6]=65208213881143206935134436233836052264881257092232922866718756031038894903063485557909212851881062871886903159477238923740453
quotient.modulus.coefficients[7]=56795789035130959707203639582883967430145217404947083552008137333342426386498801830104995460820836897752939013147205801450628
quotient.modulus.coefficients[8]=57885594257806921035369953825267930058618720080575893645885712363987412535281426904081374655267807856762785637059250475676388
quotient.modulus.coefficients[9]=94020700287897377663422454521696676015401383981243472424979730210417336055988074554825060164020109620156912788493286418222276
quotient.modulus.coefficients[10]=59305030160943380277303025244032895707167244889930023582642462371541134039775778211657278413162616981470196281978444637673666
quotient.modulus.coefficients[11]=98358717347211750490963989706783724083862115394673222826297526154452869003565531473588523136690099034769400307697952190499478
quotient.modulus.coefficients[12]=19383182036388300511890677003679279551833614269523812270292908631756879265052606858473883676772515224222072562170706774272190
quotient.modulus.coefficients[13]=66529040248542164988563920522484420451694301619070766878688242607184087576128006234295864003650048004192155385251548419345694
quotient.modulus.coefficients[14]=91953233904437346861661837695970851688807637859231186676258637598776172589783056285191721475897170521212722728346133831498615
quotient.modulus.coefficients[15]=36079032013677788031862479149909599895247224428182193672282407428711694384386938828759511446983007474654964598264596390876561
quotient.modulus.coefficients[16]=37421796914304052639258872417311439968695668141262474838989738104262845927401044742318223300040000307363397636088103967817097
quotient.modulus.coefficients[17]=88956269643820277943964492284621503076680685408363732259330376608989382551678215299127689859659197615065568984043891771219071
quotient.modulus.coefficients[18]=74305028110036775485580120863992734121592631540073123590275387359930590630173143564722517613060217886004566900263934706218027
quotient.modulus.coefficients[19]=92995249940167965827475277128570269213247745521804388694779422167238998758395495215679975042335026962527709166138286274344014
quotient.modulus.coefficients[20]=5825346906272414677734469814233693366286622941451931076114313330952403255952663359024886360716226295742901752245513871925844
quotient.modulus.coefficients[21]=70953349696444872536455664331584235129971531554381147431071616030087067620693649805458323057827190027519868057390637327168586
quotient.modulus.coefficients[22]=95022886171923551052900648031256895095220261325395916481185788057393092802182127884739525304707071536100975632852945521402082
quotient.modulus.coefficients[23]=31808645889281035649784410032306404664887498750439379396349648670374263669506069401773440882991001049166228051346139393251784
quotient.modulus.coefficients[24]=93408396013434898217699349608416496033717930465020664445207533766023942080214879915800167330889991246866900607978254178419816
quotient.modulus.coefficients[25]=23326446459194811519354178631219135484074400156713905857887516478296610833393271096918799134239419982549433025272189361080430
quotient.modulus.coefficients[26]=66063224064609308096870894997379149045514127664039685357417961119527895474359306809710256546660080901396969542410805824874345
quotient.modulus.coefficients[27]=46784785877606901517257744380891002376029315746825785461229049844968258349990595931145802252837486523697246880658108962390662
quotient.modulus.coefficients[28]=42529369637172098630227662269879056410954853558096477937760686436562394998591985855300700940681240455349408148565113728632798
quotient.modulus.coefficients[29]=54383157088892379363073028962905841605111284416910023819779401139485104726114441678974790837748469859442211529346579138738258
quotient.modulus.coefficients[30]=2606182054415194262701775950250532364458041457542200981665609814807922090589951943846381511873126630233587438473003280831943
quotient.modulus.coefficients[31]=18109599409229916797888863968025145793455473285696294709950423138580908409123385992391139302738770430828595898202312353133829
quotient.modulus.coefficients[32]=91173234885786883831402465363086090999236547874776003554899109479519983997349796760812225143615059255341005347549558521901834
quotient.modulus.coefficients[33]=44133481763197581118045184032102623530238600866946524699411790597601978187262004231374371293046727219014007459780375045653845
quotient.modulus.coefficients[34]=93770146987064438040046105831105472640865512860295464973256115398963143351321715760676221132558854385573709895453399608451208
quotient.modulus.coefficients[35]=23598161578844441948314472854162500893410342709231999953642039737432146984696195635391670164168941398282473430868504732245300
quotient.modulus.coefficients[36]=65024998506810379673485140263478117586393621958282505071675777535144445367983850624051480761044569165046891559175129407555119
quotient.modulus.coefficients[37]=99854258490605521067077490058519672447198736219856536314007298749303352468525304659840790079632733488134031477710695334925001
quotient.modulus.coefficients[38]=49894934202869675467040350023859570931169010039605291224244918015113406238078031265678641182289642665892876207915442703850941
quotient.modulus.coefficients[39]=41690444013722168919320142384286385645441268011601300736308942860043927535687564442007838295539745564910775482578648529352310
quotient.modulus.coefficients[40]=20590684284235710998247821930347062017418130229223984567165599117569508169876774585767821029522666984066877321950546827848036
quotient.modulus.coefficients[41]=48890356148446810007348883660663186166945857651774810674482304927264213488415541827976273744495276015913625503203443456801704
quotient.modulus.coefficients[42]=27735039066210150457456798986393382569839727999291755136757006894080269376299499709803607624762421725601517717446400000024666
quotient.modulus.coefficients[43]=3381773186311217707664583664483448895233229015704015397228184483102185175575868849923717405607013787042230470731219564244285
quotient.modulus.coefficients[44]=32412090157258131474868651260752119456443419913027475015130758020052357413088724258189753059364825943739050407120909775672324
quotient.modulus.coefficients[45]=83271038603883300190644045279505389366536352794546456426574272727050309614739943687268389166788192043273880374502113157798985
quotient.modulus.coefficients[46]=9021379357519792375091899398507174542191526790166698987792591539151346562314933642617682582064286104507595103668774434398935
quotient.modulus.coefficients[47]=33286099033338837838566512898241634950048589480264826640836105092884795540234688058188816109895094558438495667932166212635031
quotient.modulus.coefficients[48]=76273687002540209966688790464416097620749571429177574450533707500664354713745372738381621085287194480937899792331276675285311
quotient.modulus.coefficients[49]=78272648324402080986871622416608435266326281423394557020959178335368552227244838724527062731536702701030868575607401948978024
quotient.modulus.coefficients[50]=57006586156227550920951712357034383290919051270000672399342411335843747059382987780667152232106753483345414597932001959990455
quotient.modulus.coefficients[51]=56388572268432978232498860024911566621858564609245156349566454224374123840879706833225491623754845805536781536415844801483828
quotient.modulus.coefficients[52]=79829066641042221207026151536559345313347819430406010651526173192925452950960044207592879170835596967506882634298235088914954
quotient.modulus.coefficients[53]=68695427193336059269489629176040511967578933727073227369689983774984439351111208606290571327746319415702710018131553947542697
quotient.modulus.coefficients[54]=59104770232595230860048863354538189219135228196746792922095102756679074430596874179072148014255867837340961721188658788620394
quotient.modulus.coefficients[55]=99284987123926164405134628458508503574214594377282683071094357521613495011258497633058484822370125156344912195915629096698850
quotient.modulus.coefficients[56]=75645165967667152425186205607771352170856774548597498987871623683786821626366602056953734587991972428298582426721045964151750
quotient.modulus.coefficients[57]=55183141452791078102387500523785925157551153543095491651000772786977014639628367432912406145047756767193537239842560351678397
quotient.modulus.coefficients[58]=97085956527116271111415994990414568148437008454959202213115631035085715696883575830989638558627674691563664985975969565134846
quotient.modulus.coefficients[59]=60916322316801793298546048871008363124263926851052464171548315960122751389680463133820958456549597239898764099903883409652983
quotient.modulus.coefficients[60]=30264994477340284979879074287337602857115012304009401187227125460660430560626521319254660009283822844597515686158961468603168
quotient.modulus.coefficients[61]=54965530095976151576508983198937388022172506905010788524576298932980604607301790000937042915502402398677543164613371690372253
quotient.modulus.coefficients[62]=85197191308514186449930118854399664819057753445265103381144981812093573402878942776176359040492998229108694778256355451554480
quotient.modulus.coefficients[63]=31268102690324230172039464583865827429832023442144170202795023397950265803886114861663282323089570044994460868029634941135493
quotient.modulus.coefficients[64]=14380784196179689430646393209140710613512677040596160864967916464207388397853766895037472493323240057723042582739893118865779
quotient.modulus.coefficients[65]=25758903652093461115250556535257029194752487177778551107184729380712762356550104285609728966671851597672518629508703930800244
quotient.modulus.coefficients[66]=64505571493973673822457980058162237738079827280550878527220651529446622687819285957189812043131800638271031036192525064073777
quotient.modulus.coefficients[67]=71638573158312277620242971736363028661300818390726691680251020859232062138229454475271540600183194430365999867558613627674803
quotient.modulus.coefficients[68]=48405230609788403357578241060463715320455886913412081698261975030479505894733270979300550050660825199608463084475222026913030
quotient.modulus.coefficients[69]=81865641575294394031772788731824594530558902519628714379989828660869747969479196121758405058113106235454168756234449469182621
quotient.modulus.coefficients[70]=19150629747370428024415395123059410172959490051991463590703486839709050839488904916955320872089819936758825696425065871642667
quotient.modulus.coefficients[71]=30669800992356938584383747386826330782969915411010093281077418254226741171094274208917296352816410810384615505066587348229649
quotient.modulus.coefficients[72]=68072374453948228677407396021644711417246016445512890343596689330750137602984137076985750237440276906912257704437252181080962
quotient.modulus.coefficients[73]=45202267817757496705134869998693163633147293066777687880571998853659763258097462965141140410990660798861342192798010137808106
quotient.modulus.coefficients[74]=7201737160390497033061813824171871431262798451427991736780889705424582678659714645615221948552035614901006076386239231474063
quotient.modulus.coefficients[75]=73418611627868621666882027599804726444766975080769659211997221044868242353843763796022275882510384940748397234456133458983580
quotient.modulus.coefficients[76]=39216498008944841624153304991448081609835237216602268336764160818635606928781615013848603621687616643002178134490806608513978
quotient.modulus.coefficients[77]=49421847318661042963359961542510651470464923840526318132682004274234818465879812427713548381316572562985716303018995225739155
quotient.modulus.coefficients[78]=17517898752712102580939575842314221352711105558774673897888099026786764321409089952232715594267403889280243628017716936420957
quotient.modulus.coefficients[79]=28450009158908776412830240783463502690478170299027446300698344958235500543449208726243069847681782463753295807675265686618503
quotient.modulus.coefficients[80]=98076110504902912440621262336945137913847524841164912663690035569686248943558759109125348356810574962791880416442821176287081
quotient.modulus.coefficients[81]=11660789993488278065829484823338769220330842980955935115604589359607657027747631390753314086251710854488925846197982342634162
quotient.modulus.coefficients[82]=3451896221918539125717032186311930293529084377615108174113851173559680727717992179233268484196944587162439229207720594440535
quotient.modulus.coefficients[83]=75466027753152271927303058409593072241726882975135716374319652022844953319513135332155787447317859878238163466197282514121660
quotient.modulus.coefficients[84]=6693459170260239650165882112408397707707087583993289164597626971755158530616052514137028080231927105154935594456227523183358
quotient.modulus.coefficients[85]=41047996669366439185572855470126985567847719946639615918743253467355592871857319456638505148569255251920263819185994000730352
quotient.modulus.coefficients[86]=38079778050861412832018358974647611218616270946148801022601003469880551451960611497517103685663484645515228647929147341244645
quotient.modulus.coefficients[87]=74307992754560832032030989079286617559096699535406304441790136480362461441549439272592527857815103909656448344179286071978063
quotient.modulus.coefficients[88]=89566030673560327367007007485882155204162303347799986001799272353475833756986755210294371369605714076602937073196635507398471
quotient.modulus.coefficients[89]=13241601458590498492044100528626726912937842543082837984634065415808604369801237804224381359225132211998606080125675289401330
quotient.modulus.coefficients[90]=94328646640252870078776728978460980980473854285270456093300034559657948761130235084865029387518140667749789392823483934897716
quotient.modulus.coefficients[91]=62017031087965425694874758217135057142808119457295630965102639015615060724218771647759030999498911340693932653716492616663620
quotient.modulus.coefficients[92]=28562825840528540273702989647928909779361938044059947601199979898625992765342088632498830846770916242129359133786646612996448
quotient.modulus.coefficients[93]=8510492010750463635727951360311277312996804833858017008565180272194674396212179527757055940805659780665869384684181183614064
quotient.modulus.coefficients[94]=64726144742481314808854713339571596006121097214201148684290876000272991501068811558939535851056824356340919555059543071406332
quotient.modulus.coefficients[95]=11076548881276950133788979710373251117946215607976115758047507510771441360596443348001641601068900935093065872675358813612328
quotient.modulus.coefficients[96]=31812334638549105025351166582010076940174232800394985424054704678205884314002508407175167192298976837687562914541743888844267
quotient.modulus.coefficients[97]=46882487412680641609040989906587643266233062423787817296672977940924590797690916003877670688394685365645648684357638090044676
quotient.modulus.coefficients[98]=90991444336901177775637362651094646441146972610931905555210480848510067338447730591348604135356463239696515767880901065582051
quotient.modulus.coefficients[99]=33212331132282832611530237081905948408697591334125787632369931214307256769839972975341902844188211912477196000145095577958987
quotient.modulus.coefficients[100]=68842095606127062003716971973761442535986352683816537401970285119693857753978071541012880709935395573705295631744976882645464
quotient.modulus.coefficients[101]=95713139210427756713895083568001126933470683348365525217554398879967040169480170847799783842461201612498313640618438246276284
quotient.modulus.coefficients[102]=58515557621317712043913621470722219116145764773955599149692110429488795254384284067049814117611866291805333452607993886071455
quotient.modulus.coefficients[103]=16857719785226947194014775511634621617005143274761144341517421370123447371624724410987316407731384551959280724713306083524976
quotient.modulus.coefficients[104]=73857856447111125499372853722774637853179996754785411510010599561605416938378397850670886090761073778435191020789305541059102
quotient.modulus.coefficients[105]=43946799716582431337690813787336285055275515795460350546027696427919005650428253966374713851175943960250838584437826962244201
quotient.modulus.coefficients[106]=65526719044071477657935625112557205435620024809018274567197472199385385238351816289943474399296207938230103361165466630753850
quotient.modulus.coefficients[107]=13552234978600752985725059844219974492734227765809441991971564822113941369438798090859899039920563759488873928999547602461340
quotient.modulus.coefficients[108]=80018320907686504521180286983048809293914089333033662116454336987810783707410393188865999227983725038785218175253572180364683
quotient.modulus.coefficients[109]=89394169372136497206449609933808999950585291692376894151339233462207493681301533561315702532752218811499109754972896563761884
quotient.modulus.coefficients[110]=80353506869802050651210278757811686090675330630073444188366241690779060147231396423645335485586220084460121627002920254079930
quotient.modulus.coefficients[111]=40075990554167189019877293106271678868697093113353092620677953265215743466685206815621675030866943623391861321784403566816501
quotient.modulus.coefficients[112]=16731052428919506641399066994360851118437141535365933508523583468403657105898317966850627013988134009262612293765844290989927
quotient.modulus.coefficients[113]=49428964361667692716297466281720895280012169669698281483502738819019110970135034217183086462736615656437392341388113694885336
quotient.modulus.coefficients[114]=49063144681361684768056346172254241647923793541956160368732634191513149366647037691425814679226059726557683545036677667646046
quotient.modulus.coefficients[115]=27624283895918347705120188383411344664668908232398786279690347242055343868959343109120827716752014870862037940388784629823101
quotient.modulus.coefficients[116]=48907132982932187453215806033132778815142142839532416860871766753702728083725452945757196250164807418034561508882413085748522
quotient.modulus.coefficients[117]=45401649457728628184758569375565355910869203351275740369083992092838862780315785634432385241764039045784798107341950000403650
quotient.modulus.coefficients[118]=68477255420681288823128265703237895287669643291612330612713526686465750551300517707102047716653472440702366510490903239343429
quotient.modulus.coefficients[119]=63923865738610088634815447275477743672632017694051082775375181961766225389120077737204321781271681867224788147487289853143317
quotient.modulus.coefficients[120]=60806236395324101832184150789638983957675974674154248523219915316425034300394857423871576793003549490170407231794208678655370
quotient.modulus.coefficients[121]=68757490530603485884519913194791957491483414394245196096249333015557619132874417094163355625557621160540675963443399213269413
quotient.modulus.coefficients[122]=85782265511300255276648425340534655739513366962909043725796139950612884335722370861010852981845846351888330588785457110701759
quotient.modulus.coefficients[123]=10876519674659542936361742736590212870480200040030313587349966716015992156108561570369432068257570550561324645805644223392157
quotient.modulus.coefficients[124]=54285097493409441784922682272147999128992608655223524534258668933080800539390491518915994734418677254603622416068666287756580
quotient.modulus.coefficients[125]=42333558662060086105330103158821517093738342338846181062500425935603494454691849935533940048409236576897530476136122783170027
quotient.modulus.coefficients[126]=88582107509097983669794279507239042558009516030802674271354621048314542180881662545100861773368210447697733591541793467900514
quotient.modulus.coefficients[127]=64033904690337120339264328877379421371775106049017592181036838192339635583405603102747288157069915022532229072086207664074104
quotient.modulus.coefficients[128]=65265260686581942211654628724471142815717831123956165735731029650944004911626652065812037311749610185816449647254447104988719
quotient.modulus.coefficients[129]=27682558270792920908579999404971419552106497241605273091297249275024962185867726907597233035568484533694448149278725468414039
quotient.modulus.coefficients[130]=11136703924066368109206584500044847247949622750613962219547175578944023189484593632582330949523555405247678029381363529604700
quotient.modulus.coefficients[131]=51348197063791423392745372541173790626632213777075851866319219552634109186316405362714972618591479335622220178761574352417042
quotient.modulus.coefficients[132]=601717792507730699849163270647811165447475806381919314312909220756248112299610519078442492843475610371439566319645775658475
quotient.modulus.coefficients[133]=15879919466430105361352676639219258616022353668367779253212817198318828396113999114862869366816161515997982398249314588228814
quotient.modulus.coefficients[134]=36273220560136865267899741175451042077579007004489084011970952586650256908583216574268737084073175409305600901978233471532480
quotient.modulus.coefficients[135]=62389656119421815517166718822862879450617329739197211006520758871074382737527873706947179345575061667322094033487079597171973
quotient.modulus.coefficients[136]=82808504609880211923852977857928880877323194751635474957378969362813729608845827263802353658264647166330979979657349672122406
quotient.modulus.coefficients[137]=37482312852109278638298022712958776268900208031117870723590189865647186438971112077754607925924146942043655502981634226190143
quotient.modulus.coefficients[138]=88697057879131524606725645608140457750688190098640082336006088076670143512430232951667259783183941800714920019600322673361824
quotient.modulus.coefficients[139]=50702292973700300882461522410548695054795044567353684529330568352959126987898904746898486748978259711175923485043188930791396
quotient.modulus.coefficients[140]=87943384582067578533387287244386589064710324164738769328289561194164558050786387920459403710829799969212499661311900353345690
quotient.modulus.coefficients[141]=37210893938436344066396915510379365490848894229961027033088875500731326847310753886076025691072316896958653705248043583081244
quotient.modulus.coefficients[142]=29676596701673683122452746087185683674887121669095535346124159458047225911607726900401534039470357220372464471442834867027042
quotient.modulus.coefficients[143]=3943173311594637072715351978559015095451566142185551136912174959027191991111193046970803596288911345178693281567563869210225
quotient.modulus.coefficients[144]=33604522242370576042139891134701335327666711683451951543366569256033949549981394778971337952530509577045279708704229051184884
quotient.modulus.coefficients[145]=98327393133378143108423360745153353493532535880436261779053592785501449177613482991416367524670287382437206789376253116298134
quotient.modulus.coefficients[146]=45913909249438202893195846347286521011301708921922107612843785546427121953475272812175781111841560710434825513795270664008196
quotient.modulus.coefficients[147]=56789697787449402206181925203845432568498680371294771190242064522853569745689935625593900604350092882972905881885198162410305
quotient.modulus.coefficients[148]=57212993704218985946609133148028598442525490679286925809634358518255884487611704739190926639569482265640630341297257172253238
quotient.modulus.coefficients[149]=28868850521916358197562624569463224740544040918267001240630782269799705241147711870407434178471315722921682200463112423999242
quotient.modulus.coefficients[150]=5866101329691486527724814663742553260363885655701955066633055202679387318957942237816194037980957593425660080135317072655278
quotient.modulus.coefficients[151]=75376000027132685826511508790802896846338586663743754618914227477261117285583767696223418493681242242867346588081568146755061
quotient.modulus.coefficients[152]=36080418504969654178890790248593326550246267444775484651149788973256574991869615516426094407453807223057783075745175059628847
quotient.modulus.coefficients[153]=16680706344486437482986429284638368699564964117857635846494429453194286746825521804402346716711292010726895617474642123599877
quotient.modulus.coefficients[154]=76966767296915022306655350588519185244423925144053054366818683315200320261901285602806185504696531511718745100199510938207761
quotient.modulus.coefficients[155]=4007879848312069405839095383708469319649923777861951453467004773830623211361116486221863971973567906099793402800459929129897
quotient.modulus.coefficients[156]=7390242678573419130091453283683514172789498085334911885859332970713146471766378949092728412177683973275369244034229638179614
quotient.modulus.coefficients[157]=2107211170861757361213651104155945214567501594806911874102386081394573169336419175247725558745202670727698703352465021425908
quotient.modulus.coefficients[158]=48659952331782803845504088692323010862353606594474062674690115087465146496096640019333793539318192061721664382321601983840587
quotient.modulus.coefficients[159]=19461026631095123338621980256479738151291790574031829575145374615316021905514505655238150181291554050741447580716766544025874
quotient.modulus.coefficients[160]=74285549210603448641487917008120075789553562958302929886899778671164216252995206440940584588779856752299765477195059671488208
quotient.modulus.coefficients[161]=68740746399813896834125006956223942491822072133877811250463385677023425226393379557507136094991136860360060719288703202665271
quotient.modulus.coefficients[162]=31947335106724026486915265119645472465190981454429710260637492165517228693379454163484658896086389831043487910274796148180865
quotient.modulus.coefficients[163]=46451625590017589397204905541288213174036312903471057032335876735926937672152826642415815837054554002308703460773484404763087
quotient.modulus.coefficients[164]=89778996124085925258252493905562116015746028752927437430288665501614478747612136854235251464398693219798166605393798313699433
quotient.modulus.coefficients[165]=47653371020676279548470966348620276308128253126612497879037134469565928842260258292424276456611575498357487560960867716667894
quotient.modulus.coefficients[166]=55749379003978034754851240279362822279466628299852970031063128424630583696473083874848663515976290754553922186316936980622215
quotient.modulus.coefficients[167]=49600675011106534726898875061754537377147942477990931314479093480436647387043271575845888178093641586109503949452855771818711
quotient.modulus.coefficients[168]=73380160222005806516593346444166003393455015738820358574596586737461369490694918139044358569177366714142942168371550253540377
quotient.modulus.coefficients[169]=79277126755546105132301121317813040101637727967544677014261975881645207061051330140360541413473027553946121399979034050542417
quotient.modulus.coefficients[170]=777103937133507012752583741989916552463395968260097044229279573215392467214369084916442661427147669891678840930406169354911
quotient.modulus.coefficients[171]=97648878191146756284624872513008201501729865698664853577083577074924516305760417170948117278771950194516295222643406470217799
quotient.modulus.coefficients[172]=16001598741175139572213288009655699406350992941337199729681499305355568464642448076792825463647904205595901684841525805708310
quotient.modulus.coefficients[173]=1464299671841707845206449960281896575621731106592157653058132696314147089873710917983077615459863965398090027294284969910754
quotient.modulus.coefficients[174]=56885448547136001507250447731009382917508964576262003162217958447729246971969802165147919245224936208901824581202011268769790
quotient.modulus.coefficients[175]=48530263618186639089757453648023138110069845884771919826399758326735675615789165662201758145477736614264041335096668645567470
quotient.modulus.coefficients[176]=55051413545790889256623790846951769167147676971328963752436398474492938224666120641541359371925308703262571747685779944631764
quotient.modulus.coefficients[177]=79682786944074513922781852031449885951617493972121383388240003749342927658014206232931240447234930358356803070415280532137641
quotient.modulus.coefficients[178]=28018416710939982576570155442071860121929569215636094493608198974182534418977557026774500095330989736326835149273873760097081
quotient.modulus.coefficients[179]=92277518462253830345826949220017611562070100350906715588444463323131027626109413422188357761277927179810967988012830057764830
quotient.modulus.coefficients[180]=29365080594822425664508071568328871971665357358369888535262275785302880107690652800653042205554632057357060211237220931702133
quotient.modulus.coefficients[181]=80261732132910762703702374841071420299596190160003687394425723126385695921295863525808202618984703467300848474002120327269843
quotient.modulus.coefficients[182]=18318230621871613437613965230397724261208480885592881010104231336140136104065623837678369173689006300521708924206249807865025
quotient.modulus.coefficients[183]=39098921856139045967866902802838650454821755592667105700947986523634852759424669471268560780823460820718217025595969209317742
quotient.modulus.coefficients[184]=1397485929387595382906037780724431876941765103396877529063240111076014503901827431389167682904377265424410601751669399174703
quotient.modulus.coefficients[185]=57472564857486416917036268547485334114292211491300272024670588893113817273944948070098496259995537824689413756442222758844512
quotient.modulus.coefficients[186]=93183637994813957461784474698367813491994878753764421436654028734905890588954497968856691786432239445218150664196924575466996
quotient.modulus.coefficients[187]=27930134576794366698849384752170456996232161412078122199239299767223874382584678873622782403947805591525457769941650633357385
quotient.modulus.coefficients[188]=93652278858721854519778105835745798937652909948575736551925757023741229407876616929453089621117759000256660851027522181826235
quotient.modulus.coefficients[189]=53866008478307973969557985374227275767161361587719849267613651263538348237969066674621101967738327291852691963891191722292200
quotient.modulus.coefficients[190]=63040256048600735467785364973411336783467234804924811281724697798624373782048647679487551109090821525741797129578610913180980
quotient.modulus.coefficients[191]=35538051934501935686568157353819174913156912018192805571583734695627503304609866443457780058189682599790681673985135052909381
quotient.modulus.coefficients[192]=84635446146231819663891623045445671125338364554211836710529931038510042897632631923787475723327218758028277176858511357494338
quotient.modulus.coefficients[193]=27468915121474289517989337639616780768271702967507572326745933909387995820156109710282353805537879672721443802104380090587515
quotient.modulus.coefficients[194]=1
frobenius.x_to_p.degree=193
frobenius.x_to_p.coefficients.size=194
frobenius.x_to_p.coefficients[0]=95869760248776749039041903446356550145232879520340361510396971250099064097798637273157613006689679010285112073897003416041123
frobenius.x_to_p.coefficients[1]=96631664118302810430103505544716422530524512113553380370702811666647366368007612652643945595814590305199181610581220921669197
frobenius.x_to_p.coefficients[2]=70949425261247039681726485919210480609306721049128524788120961910714099363880584124422244469655880678576522117765999787342471
frobenius.x_to_p.coefficients[3]=77572994739014933301982796433230103809717298120943535354530594754353718738689722025656017494130969159858729782226909369886330
frobenius.x_to_p.coefficients[4]=16477214740005334492670704402349534588608138719329377614140621757876061448559243892004334294167332346333423046302231642746435
frobenius.x_to_p.coefficients[5]=16374764077118046030262361125473493285018075191902246380326213710357797639215154780313409229020312750549239112779629501588496
frobenius.x_to_p.coefficients[6]=53618328467697865544070224533201404377465472703556848151685651302533857490428066259004628515279981458533703624696439659855024
frobenius.x_to_p.coefficients[7]=54426446055796501359312530176295635953117144399335975343136233917115275173729041181956134369475112479464564665829794721125073
frobenius.x_to_p.coefficients[8]=70787902664227850233344021107841859191803658149134245956033618979438571237629637240825493195631023713982230723016496612204841
frobenius.x_to_p.coefficients[9]=99257129403423268966991362318238873993484656493424699625443050229907247979028879319888015996756335004080269961349560974438583
frobenius.x_to_p.coefficients[10]=29795708734757951803650266798927865800931311421297091157032026766450154850249189833746412786598012607517119039517310990729701
frobenius.x_to_p.coefficients[11]=31008648676660168464662980118907698099008459860954211382359230581195683904445755579815503847986878328088599598228550092252971
frobenius.x_to_p.coefficients[12]=41344406310948097264031132513801171392795159461680035897791484774664776749804507496617339215981613644741342958149167851160930
frobenius.x_to_p.coefficients[13]=19422420684997333089544225097023001186455600113193607458461361397899934550352393428580355892970729031927566861398769159170824
frobenius.x_to_p.coefficients[14]=37183897358050814137139403541090047135623148733650156637279768548116884273489040187167432067642881398981702011934713277156603
frobenius.x_to_p.coefficients[15]=30261910796564388124217470017425108093593742883768018905643675988415889029258171626983212870604789795663740200492202788713568
frobenius.x_to_p.coefficients[16]=83656835894153107345227808814220838636998699200920706015904811511660843014257284049199274072931546314947083191402478462081609
frobenius.x_to_p.coefficients[17]=80664450523334574831815653488438286780346753158572370892672545585330351987582293125014086117518446283484695325889489368773328
frobenius.x_to_p.coefficients[18]=59135790260403874244259159704326435829004463589636750126958874868247212138372588763404052395918427884040587337649834190444132
frobenius.x_to_p.coefficients[19]=61211638055868969321062872089489335596043296869838372215045418891599645275650558770617368539518107691168556190173838516422323
frobenius.x_to_p.coefficients[20]=34967434286828977558458052928000259312795324454912780256592230428416145132191971688420961714222418392633014334834121823510419
frobenius.x_to_p.coefficients[21]=17660859300565936642035938498779310603367000354737287703977622840637722386148871271678773523297467178818021132319352490765101
frobenius.x_to_p.coefficients[22]=41004034080239900112934234882137464012771317467941558771558941460915898814809423014754139184879849314195271727337733475586043
frobenius.x_to_p.coefficients[23]=14799835680769004899854567986994698385488134835349055091298044162012741319287668984902371309377079545387919457882740586209229
frobenius.x_to_p.coefficients[24]=95966547106566580619956099724905788157357628435443451723157915162285888109218335113118660621085719337203521729596571371800799
frobenius.x_to_p.coefficients[25]=30181207803628375393560793702947894007124741034629422301320070418119200471263619616679009613228617244094412914427229025716389
frobenius.x_to_p.coefficients[26]=24638661976506493198937177940140026694732687756095888900114564170572891984690853284255475352645070057595931012035966818787778
frobenius.x_to_p.coefficients[27]=40389977796009398534387168836454663218942839339363489286563020267264039216434143434388229849447231658912706788649471392324100
frobenius.x_to_p.coefficients[28]=74735127632748242523336982856626296438772893933385127850379435854416818073806458959534192807949765324347299999769142893512251
frobenius.x_to_p.coefficients[29]=19415889977690564051589670684169899113594478635099413070014898889546677940668159608252119128082123394262193520487524802682020
frobenius.x_to_p.coefficients[30]=7019078354750135761835841471377771772863810288724592821917850170730662267395583647309188723265979193967909645246833021509333
frobenius.x_to_p.coefficients[31]=84119412353612647734313455012205815879948533686583617050036915451473245626838657269145413385788484874972228235849470469448518
frobenius.x_to_p.coefficients[32]=54586608099680350828488810646748690201562337772488931033284177649288614386072044699323572544008334989985673319626546386860185
frobenius.x_to_p.coefficients[33]=94011526226053745602664523815487998010799303783289597328022554277455096122304060929318192313292472389226326145550597867932306
frobenius.x_to_p.coefficients[34]=83852460545825785599314351612181203488651417691540540149195764077152576250375286599195730209065580444892388754618550863218200
frobenius.x_to_p.coefficients[35]=40674777563996186421822780761551543128980772140013279088636765958058711160821104801152294103302013922512118809191787707061584
frobenius.x_to_p.coefficients[36]=6648689502211161959979509868695718767904097437475334175323825740644381892883406008079937183724886279456279217597261167353870
frobenius.x_to_p.coefficients[37]=28544574860529894901218819779328868206709392910840610183964140026817939021946519873537076957396220660455976933604019320496839
frobenius.x_to_p.coefficients[38]=17769588586489260976014284632098370859640456508257608547998315426262371215050528554788937272736877573780743748259488712832304
frobenius.x_to_p.coefficients[39]=71786780468844150322912284741177993657749093382946056605564394635208782390001781856747009369649717770250521597759282587090778
frobenius.x_to_p.coefficients[40]=38107462957859288586103218248940172751164363890642865078068196390903689393752558813461171282711604863035209539635971640282996
frobenius.x_to_p.coefficients[41]=78061235557490501599428678686125697044759854876312199678375029369520212056742833342772397291138075365382775524766077361811835
frobenius.x_to_p.coefficients[42]=21035312139272101706347281603852601260185514391168799139727313912828662840774267262559367418531263871987493491112256086923307
frobenius.x_to_p.coefficients[43]=87601884229938893536263268134564286469485779538316432632354044883846260893662924205612169744514141282172407938963257383304689
frobenius.x_to_p.coefficients[44]=90976656185576064484435091588460591875558546960287681918641484555854068663527951377872782508686946693472875655001586812587349
frobenius.x_to_p.coefficients[45]=66636694679789890694827395409008250870103994754936287541478159611629472404271456300100231553450004463372066414927477783904951
frobenius.x_to_p.coefficients[46]=57563341767148715114795783999848903046191935040646133579894988530964097689408806180774370318223946246102808233733356227759122
frobenius.x_to_p.coefficients[47]=44200390838484650616307766624289759642175342451236531863879183423708239331025732994535367923595797492447130771935747607284535
frobenius.x_to_p.coefficients[48]=44093720228201694986328397246919965869556417287522944325064466995501869847730838413627139446094168332220834354155040544229179
frobenius.x_to_p.coefficients[49]=8350129005685791196002209897415468957778115528180710880483975252069300901566472229052523372370549045738442908928976270216928
frobenius.x_to_p.coefficients[50]=49531258202600726412518235122127925030082127832114318511386570991052444430102000235838872728614509802454303640414403548302110
frobenius.x_to_p.coefficients[51]=51899549871609015164712766661069357784853120435780708451893790051193449936609428855855263767068005421907153955317480999741785
frobenius.x_to_p.coefficients[52]=58503038671810032977958211328554619777094263971041629262737850581467511118489550233670283010204637945820649411024411738793378
frobenius.x_to_p.coefficients[53]=11307444578416171359121607915207486563616431873103283018592827050191935297840271222677275944632363747405097334725248875240105
frobenius.x_to_p.coefficients[54]=40444991727793434664709407968690004209661455780014152317809554269848543697550917151022038651146166887389941969454627757729839
frobenius.x_to_p.coefficients[55]=91988622541177656358344239008128617834928531124475134459309180523716944927938355239200762591398708430341521245865660397041040
frobenius.x_to_p.coefficients[56]=67452519261798421834252664851228094504599929723011122432148735283975202535450252538950606321660369464695434327433335103148297
frobenius.x_to_p.coefficients[57]=52376069766124392026057865673776072342032257843410502373485248889934086346818248894917317654477673079324660082719493633458466
frobenius.x_to_p.coefficients[58]=50277065338917491599109380688911818116291973003717888487366559524267103993086817833487223038870654595926773658818711244017514
frobenius.x_to_p.coefficients[59]=57680047289730627787799091677160657620984059715974339948988842968069434352453629609036147614289761627298110954865793412099151
frobenius.x_to_p.coefficients[60]=12389787627237310648653523548601278852570823849406788122232025800046212739584252129616099680238455138313438691652423162441409
frobenius.x_to_p.coefficients[61]=99527367462795281161418016560278274722240541623750092499483748165911951346525218343371538116366902595010202460290826955528705
frobenius.x_to_p.coefficients[62]=70237073526741493743578690438087397766096787324089834298773182256870066079894162106638983837308885593734534616456960070592743
frobenius.x_to_p.coefficients[63]=5071189579696987141869613961814240691943109916876306629283717991626323671981395594969737652700555260873186312411714724074055
frobenius.x_to_p.coefficients[64]=38752025248192830779096316599557269156452883456279225112787215970247591805223852346818386909622128531478416706785786956013259
frobenius.x_to_p.coefficients[65]=26153037327979756517729849321128430289279533387941845823641464436185938974131590727634775843746156244698429528247986094530409
frobenius.x_to_p.coefficients[66]=21535001838729458923216662520649994773155554115584976627982105490183895034921542471782903074283281662090045865125765520923159
frobenius.x_to_p.coefficients[67]=45162696822987068369323154131945092040592586533900953721084317123496516638188477504350182505727530422826919113710999705523645
frobenius.x_to_p.coefficients[68]=47724546374356903730876165737410907218131180218081677611546582974296053281779587118898715657163891310215497013103232643055
frobenius.x_to_p.coefficients[69]=69666998583466286560896675937801989192913721022531680464421768308258945652419490639870549951900712693728076271541636108622785
frobenius.x_to_p.coefficients[70]=3019239124164193670061277298047176640499174991059631008137345700787887341897542947279721140359082386123317325090269680893914
frobenius.x_to_p.coefficients[71]=25544145895362020980449488725936817929636094995060246308231801866979851689599845629726446807850993640268696351197133906713165
frobenius.x_to_p.coefficients[72]=24825108244675724920714623691674190697771010572514372793786746946333541030880794441136108003010541909526795107813580529381997
frobenius.x_to_p.coefficients[73]=65709475407932313714663971325038832307532425208688654444616276703350884915265561421539602607558320652097381809328396630070560
frobenius.x_to_p.coefficients[74]=69883683591614911309974724624910216988451635399393475211103067494975673137177380284587209377647692577225948012908841904074611
frobenius.x_to_p.coefficients[75]=93100438928354802018292751055472298567340950265226951271895835826924965865116645104165952775756857441556072396691822320191423
frobenius.x_to_p.coefficients[76]=25485960505164140583975142834534210059600683931845516140829976479830158650394880524755634712862304132444125701559640468264394
frobenius.x_to_p.coefficients[77]=20887510161616870150893398453720744709356882333462326748618361805072027393190410390798487809879737125969942020867379450544649
frobenius.x_to_p.coefficients[78]=15730222522604328511574297286310729000666919008447338956758248048115486473651154776363576488119828286327030842297301044331277
frobenius.x_to_p.coefficients[79]=23474588571379758279247146962234197182208425520859637943903217494207825081956469954645791837888981462870839840368575114692034
frobenius.x_to_p.coefficients[80]=58249829297854707240989986175528484794583458409482554818853237603613351904292461810210346727027449374026917344544465547411146
frobenius.x_to_p.coefficients[81]=57213275699928449468073269484318002371600728687288199351382379579649575718712811784795323564014310712902477406171361174533428
frobenius.x_to_p.coefficients[82]=41624167852102976151046793491492129899660171428107412460975285078948141010488276368614175748797893107940381150329744936345907
frobenius.x_to_p.coefficients[83]=71638858154675941927027580450355653466301559921963234592606737651102597977604868603309153986764209467431695669690323856119304
frobenius.x_to_p.coefficients[84]=25712961546765484459257191984487547875164311930968683879459613669051748837008728961484528921259326780744938552039530847647570
frobenius.x_to_p.coefficients[85]=8008543714621706915318795910154718625200593654973152783778938835655892764061950549110453493100026121379224210236260494732866
frobenius.x_to_p.coefficients[86]=28399116381722513102808696107073229435554527592111446012918359487689783006050170478613007027707486423013588434288456591965028
frobenius.x_to_p.coefficients[87]=88070960722641993589858302768780970472269052733151346408389911137195874494078270696035530369472736350881707236926553789844658
frobenius.x_to_p.coefficients[88]=38144262894939991544794933977617219870921192035545598887262098950213324093079446682957355778696695786969365144368839306409110
frobenius.x_to_p.coefficients[89]=65032534523799777376595847724768381671016524258655032239562288834944232104469260648457152066177827701048777790035792296208190
frobenius.x_to_p.coefficients[90]=9251113711657595337301860662516598822672106650316359973758320616624945320533858386460656470052061738028222794715085843208081
frobenius.x_to_p.coefficients[91]=52398696377367583477299201965682205367460793640798748609244779326317198308270165746810981089650182347074565812911596375070784
frobenius.x_to_p.coefficients[92]=84145347374302023765513187634933432954590939413635617405801923332326968113600916976754078677705782474967155955821172272932385
frobenius.x_to_p.coefficients[93]=19994606425510199854783414812723449087881095329920529544905972636066837623919216232576985153363447127672190532527660105478634
frobenius.x_to_p.coefficients[94]=52836040277824139913279952770183051834745924362690699739787745380837835866226506984775758495032903160868951319980715031039018
frobenius.x_to_p.coefficients[95]=10467777104685926629649425249641564770429908658669930703079869941857219253303472639862179257448808755196827946292741738402545
frobenius.x_to_p.coefficients[96]=13186502708293761465495247308010544161502383003757871156786214230903376075450744957001370841590535190580086376877251068855634
frobenius.x_to_p.coefficients[97]=99152493314712212878432471567790144052334666447309557177991132437056406197234994924467912200714344463921518033883163818521749
frobenius.x_to_p.coefficients[98]=99994169481067565592180086799422555335478985264574580442784670220913415705618981340162371465269733642819357221024905027308893
frobenius.x_to_p.coefficients[99]=75539814431380456671124991286101520062349551186765654652858432974174813314728526628197593417059572133423461198048604446858811
frobenius.x_to_p.coefficients[100]=81723167583507417614992295604892218531007888641050219278933883927451080939661045357743063826083630483333279343518636904441196
frobenius.x_to_p.coefficients[101]=50444766777602234818323161268255699726640443906066726161136287307987545358083184323619290172957689932631265080818437441983891
frobenius.x_to_p.coefficients[102]=38941532537419216921753990586814857504575998599448958504166415412247903354561098906578424323156612893127761427336592598032673
frobenius.x_to_p.coefficients[103]=65690108117526704004025217022932689889414122327974527639256315530543277530423108320311198551430706898452719002800792223960196
frobenius.x_to_p.coefficients[104]=16813739800732493996726974567734669519139388983155617731473910076017812092838825441247933332980214346843711528017361643935731
frobenius.x_to_p.coefficients[105]=97752529397878255298947717494489892129657680364946172609590940953624564635906812937276380263367009324573512670411459692788151
frobenius.x_to_p.coefficients[106]=69260629330013363587795172488187691888290160594039557733240701021450107956849728884717392333172034924809813468884039156313685
frobenius.x_to_p.coefficients[107]=75871085306341713203534257170689743357427033063347069545384711156328279967487680713064173794278705244206157938506803037837155
frobenius.x_to_p.coefficients[108]=11000929203661238329452861105883952803771073104472828633947091418100999231584772347259483146516259920752663669350103868809250
frobenius.x_to_p.coefficients[109]=53030664205750149234529876525656723835331944383873654194290190801748865662010792194927780126251749636831527607103776899859885
frobenius.x_to_p.coefficients[110]=95887165978692973065722718125915668356393977957993802559108593282944685417533269767370187005962170193494828204051762056576860
frobenius.x_to_p.coefficients[111]=93784775180973812543384971638907625893625105665610474230558500779263959205698017753880325915618614941467635013382935834539848
frobenius.x_to_p.coefficients[112]=3313896857540805197949892745182025381942191495832917088731527259200602857852268235767306981037552294532618184864901249998757
frobenius.x_to_p.coefficients[113]=47338965308914667887168717497678780010426824292324003177725831675110017692400884657718408800353390787915892112030840010138259
frobenius.x_to_p.coefficients[114]=42229317301191374030591384077371753290999659562648526725097355677452337670141429577130961664273615858503852066005585876038663
frobenius.x_to_p.coefficients[115]=31116247218745302388225370986340438429590359631876757211174319587551578998898330884344736829022777209315798385867053185643705
frobenius.x_to_p.coefficients[116]=81922736804852978710652229268703517190386531764785075293244333033199912021043495296850930091810618821549543231160947367635565
frobenius.x_to_p.coefficients[117]=37282712254698219318972296945438834388005102665402983234430851285466663994189486575702394429695564058538895406455128147620923
frobenius.x_to_p.coefficients[118]=42789299571815948733888896682148618077529074059754003522190206237131772905806789287736359833646121656648637396684715548391569
frobenius.x_to_p.coefficients[119]=10430826388446082839788050557602569609820076287349717474082847739539288004346656119687968940185174722953672924391609379142402
frobenius.x_to_p.coefficients[120]=15176944226608444065542442878928829433008520212892432332882891304944058720684903703903736823148479249945622359712748762936657
frobenius.x_to_p.coefficients[121]=59848139320552698939213631476363517883130846488016580057423677562351330832379558027433791052071003705370414464722015228952720
frobenius.x_to_p.coefficients[122]=31908250240550806305934324059691366962831278137942869204363585462424269925109511398931936639145584089820689462044092080262406
frobenius.x_to_p.coefficients[123]=33620809865871059055897455165958386861640008200963072164412885512398868844472419278550932871771250504580835215034782254238195
frobenius.x_to_p.coefficients[124]=63187538982841989794550233814121812280762071847371414763397935315113653024326479544560544896165707443080690673091857194287260
frobenius.x_to_p.coefficients[125]=65753287458089150609951620828027653245550757874562453518677586865820975411052688779496703340008362956076550226020876396918091
frobenius.x_to_p.coefficients[126]=22417999323233731548010485561662236709935805477720180581777092577702361660974678530741523702225316070412415174507018704447207
frobenius.x_to_p.coefficients[127]=14956752409853516622139659819805680612261793141928259706861564162983756868974400937790253363605273692516750829247252765369070
frobenius.x_to_p.coefficients[128]=64897682592708080528067967335210497266212084934726631004808818554013394558303308421025272496359615758634674071059721516384935
frobenius.x_to_p.coefficients[129]=99400227465336026342727393902677399307293235743260968928233058924059812794371199955084653887283483668403968702080796498602615
frobenius.x_to_p.coefficients[130]=12275345941066818124673486303058409623009008883508187712568170484684006092851417228046181418196517122180128368175631632810764
frobenius.x_to_p.coefficients[131]=46097187223512760302326641977760891288148160146252510728807831898477058186644741840855354624968210031979143828506746299640717
frobenius.x_to_p.coefficients[132]=79497188086047879493484567185433516949682454947989307590066456876494091755043646357051239093864072586801064945669467272393025
frobenius.x_to_p.coefficients[133]=67839977492241485800353401676815445728138857903087008993594077469629696738742948397076610576886804933326459972029891814071085
frobenius.x_to_p.coefficients[134]=69771534562724674226342819256527720841342885542407072922983345706994108764893741628931111109569501691374863623103912110623159
frobenius.x_to_p.coefficients[135]=16380051895316006590014531355887590281088695977782992916903058235563986853640359464292976531987155159227411312051745078595503
frobenius.x_to_p.coefficients[136]=66084166141087677839521128118797335544191725354436799146580689973625762697204015225598219518751075930225910791209268692379101
frobenius.x_to_p.coefficients[137]=44846582387098239309386629141212687159552945241169297059751069626137471401055985656571996972674678747410061810590097592636636
frobenius.x_to_p.coefficients[138]=62801898486846379102072384338956056323681388194477701799421872057156951834986205311845546157653045215675108520295786089769780
frobenius.x_to_p.coefficients[139]=96108678991211524621451032485624655657453721656510759761128459447890011681535562660563139535051872116358827866834050038355237
frobenius.x_to_p.coefficients[140]=79426737921832686731316988346452699184264443736864722051015352468825937677590383142503283687151393936334415872146612207057124
frobenius.x_to_p.coefficients[141]=35442161528673838660462577494692402885219189471351982450921483618340906738510867512247840858766613441560393063930921498581355
frobenius.x_to_p.coefficients[142]=59590228906500073009248360405622981150777373107926366533164364515303928908809810936799089340383086901758742816183397152124018
frobenius.x_to_p.coefficients[143]=48101154008042024256241046589499825842991267759450088958555584733708678768428478978801420267641821857040024053942837302953002
frobenius.x_to_p.coefficients[144]=1041376537389822562327352586311492215085186488277601838902084561562103409490076263139333205394963390035176663454095611859715
frobenius.x_to_p.coefficients[145]=8195151766043034010393180044233206197304874670342993296338057059170059613305376874248559806624136259125343040578541019451895
frobenius.x_to_p.coefficients[146]=30586998169094583500387295024851672729032197009701730376184323899667400599894949014998456579430882402229776323228475109800076
frobenius.x_to_p.coefficients[147]=94145516926015365016010447177700809175507081705567979687038591063775385763938424513743785988498365400688651832598604829583770
frobenius.x_to_p.coefficients[148]=9479573687183398220341008209482465539528964069110969914111546058351872610612238794426055002744208366669580965214905684926437
frobenius.x_to_p.coefficients[149]=48449304285390648773328837539016567845107810726926678836711690414177923238149391539696811288821303417757714192481819576908980
frobenius.x_to_p.coefficients[150]=22258596149329709753054128868400306626232663772103367590103863155449474844893824791253754451403831374723430228713344693174139
frobenius.x_to_p.coefficients[151]=9960856497166677599356423638098422361288472722990680711780372530120772890175119025224537342359332428182202707516723948641882
frobenius.x_to_p.coefficients[152]=77921896892669729880494223173351582650456838214412642758622319517119578460510712176247759938252197136736852412037129468140282
frobenius.x_to_p.coefficients[153]=11886819625319781524787482656486489839348789218089799405946332141577755012960681220009495294800120671543480186591345032899381
frobenius.x_to_p.coefficients[154]=30947635268557497033933777892563337791116209818638212334338944250255764428566774314128477972314349308483807584838983481940481
frobenius.x_to_p.coefficients[155]=35410552553443548335237092123505695105673051787961246644259535483882857222712051883889425590907486424796863034988824639101438
frobenius.x_to_p.coefficients[156]=10734165578721684234111480352725295542137982846672895708977078561647190843635859923628950459455815451242657584346073908774572
frobenius.x_to_p.coefficients[157]=49218169204815071578898960983439813573955150699990004081165351282754028666990911955470617399204372669503598762112281034960156
frobenius.x_to_p.coefficients[158]=91818773773782981871075509300090471204757851103758979090224753944782617497072944129740589137222881403431516408348300247976137
frobenius.x_to_p.coefficients[159]=83659020329072671466660418077473329794839173338959033193658010196540636020480530501637456042003040851216750022018434356569670
frobenius.x_to_p.coefficients[160]=52809377274640254476954166049983419685360358263006876795266719429403115667810244518168065076430698493587065155286595339599445
frobenius.x_to_p.coefficients[161]=90717193358281513850255129925808313238265147650822941320936670416442547348870069756973217528226348339585375195617301541561091
frobenius.x_to_p.coefficients[162]=26046917955023188749672235194529106960062665245576829643030885992668140343739118779548821119600895436830846081860803577425344
frobenius.x_to_p.coefficients[163]=16831364566907827889732795878203663842385092214276180242427475088148009723926411112666372268418425055261642802288159010666278
frobenius.x_to_p.coefficients[164]=95208837811098990832619631610378535241255384654190139089478182669613786628965234582413807927692736608961413510249346244529190
frobenius.x_to_p.coefficients[165]=49448811668293398142291482655543484035365138247869272164319959687633033434032387067431653029370471759411477094808536161762110
frobenius.x_to_p.coefficients[166]=72350673171043570649722896449790012119541623251078873926467335408698596343123089788147365488452066474549767647506494456495893
frobenius.x_to_p.coefficients[167]=68369504301665130025281579405812725517943150871898193151418693488011291808942117968815921840766986315398103267790909703544608
frobenius.x_to_p.coefficients[168]=3089688122713742571299083515299762033412399822528761537226009224030465540640945031735936078796655133630140010196516351369929
frobenius.x_to_p.coefficients[169]=94721632919940196210661393853990548713644919031848252266994116005849817472177397043341625761983309479887826299306131520316145
frobenius.x_to_p.coefficients[170]=49926929734816299148230341820506306330813442780134381437302824733246124293150515071175604099629909457797548389620261106155957
frobenius.x_to_p.coefficients[171]=99332051119995856694070081130690724641707539277546308492052803258808485558472785725207268546515595833539034451088492110276850
frobenius.x_to_p.coefficients[172]=70132768440271618943718884262004629267249640331863999021206334533212183665149375788553425580236589427346558409470325986599704
frobenius.x_to_p.coefficients[173]=19807506675905726910431056611854692583017142318012458291837460694641939097283847702051011313687388376328517417327271770332794
frobenius.x_to_p.coefficients[174]=8431158378435555346817432449484378662980915846510250996981878863710909639860617979217872358370511655034700761754692975752282
frobenius.x_to_p.coefficients[175]=91305883196679224991923392613849109832294728658878133482924563743361621429604191939682093615583909888017295528988261799227180
frobenius.x_to_p.coefficients[176]=64543485068165087626065060315213698274297380261284062459892249357574627973588219500612878915867460693623503489578813990974491
frobenius.x_to_p.coefficients[177]=65547614530896512817915230994406418110681336362461946089722413384068125910181761760351428082075913954631768193491236397828501
frobenius.x_to_p.coefficients[178]=64172800782369897630880249681442597207316379457723598906521863826857244813390371014209075373982439304511573990617274858361256
frobenius.x_to_p.coefficients[179]=31321146614577768304138145105654004237039363619042899117648127709490079480753777959482863600645444587348248456972824564790019
frobenius.x_to_p.coefficients[180]=76475289610785538388747245959524667591699791358771667790128689602082838670904845204462052423615856527761430484681674085477548
frobenius.x_to_p.coefficients[181]=69023855284162205860794414960284396947956581579307354767066406761585576020254495619297438835938919571824104664420192772536554
frobenius.x_to_p.coefficients[182]=41834535536985996771326837651554424276166321656526019702096652435616122839227716351642037141179183393036047361177241158663527
frobenius.x_to_p.coefficients[183]=16044298489406334400313953075253919502531908036782491910104648371530042938465549808082798204704683382550721590117703878549738
frobenius.x_to_p.coefficients[184]=56236081802529898224762235045784609935871714683655443660625052184863818177299186839400121957575156039691418206802884069275527
frobenius.x_to_p.coefficients[185]=95639848777228392816059291461426215505440746067689061686018739001371974213154931433095005913106849610414003993434410236608018
frobenius.x_to_p.coefficients[186]=39598572075508621893975686119036366888402652688054140319638134768500877367597456351572684297692341380843362888498315974490747
frobenius.x_to_p.coefficients[187]=12277929853572315465330326933909619755720897056274208205148483673109859601933709883273301457791472658967188222819224914731596
frobenius.x_to_p.coefficients[188]=62245542497811808822673356985764321645389301752444326922514405364145661389731537010388939597874939386152282661137525312561639
frobenius.x_to_p.coefficients[189]=89423069475840861758485577231048725133848235852392741339483340477173916515527500654369573848882163682797958059187024159935900
frobenius.x_to_p.coefficients[190]=19136599289047001865291813752222917995891656679546204201986651922861722059450775094962877954838203258658663490898056574077972
frobenius.x_to_p.coefficients[191]=6850884466898106921838988940478824319594950799571421384352557739203764478519406483712803852315993187238575119748665374150682
frobenius.x_to_p.coefficients[192]=54053467952669248467393104722586590182353806454674860350150455404756614651185119953329778161404856984158461538124732206510818
frobenius.x_to_p.coefficients[193]=24703366883943175493564817931788039655747488426765856004549483157007049326976284510087431612250817002788814438943248287589405
frobenius.rhs_to_half.degree=193
frobenius.rhs_to_half.coefficients.size=194
frobenius.rhs_to_half.coefficients[0]=94783606822872642375963659249750096801598267279316618339562664265757542160992927592817315451783567538776484624802670893826162
frobenius.rhs_to_half.coefficients[1]=68908081757129492200720091320933690794144163646380824517853008212736159336023447749177288941169097292634179105129167086376358
frobenius.rhs_to_half.coefficients[2]=12386222963372935622561462165562061536490014568615862041175910962604275017602611453357650398901627109501864455827800214595028
frobenius.rhs_to_half.coefficients[3]=90271336519224593364488632703475323680800573405090693454756914942174134116244246148949435522266288593588343893571074417400939
frobenius.rhs_to_half.coefficients[4]=33958645364892391806685401296002034150496081177618711681157495355369971219717519526901507786597481921222143192408478029095817
frobenius.rhs_to_half.coefficients[5]=66022113714684525255914620026956537481184579907741071641652582666085588249871060315425196831673016697498633360514703801698098
frobenius.rhs_to_half.coefficients[6]=30495849984400595663296048557949977393279462300276375480746398880944011130914159282179105955038069347850772143857655873141677
frobenius.rhs_to_half.coefficients[7]=26074078773658013182498828775799561330501793925838661834734528314739803078555175554774507200892145066161464907935425822216437
frobenius.rhs_to_half.coefficients[8]=19745564281819278924634571543140256321978975364044532098690006433727283344276897837219011698298924824559471436488351309676002
frobenius.rhs_to_half.coefficients[9]=31899551080884289898540739521366301381379765181415666777364827639198804426845166727116826448808712513011481299682440120389662
frobenius.rhs_to_half.coefficients[10]=85543385897323385074354490600859241410310981843879232891586451634397212220311190926094500894981960686072939860574832638539624
frobenius.rhs_to_half.coefficients[11]=78472200441723966381712388198872012397946493088763879030034797878495126656913413967397321480346508133875792336187914325338116
frobenius.rhs_to_half.coefficients[12]=41874629474054025291520066379383855189917175099710404687890176357373423905569672049049455814157165690980333317200159279496319
frobenius.rhs_to_half.coefficients[13]=61354740393199924988306341388224538402550085141900131773647843801281324800046747991237335440396861754530116252640128672137944
frobenius.rhs_to_half.coefficients[14]=8606007898678180451054330126498690220752629943413688847747731469151212792267190648230564254058783354316455706072354458974203
frobenius.rhs_to_half.coefficients[15]=46246951859147498614383306651412342888883351857290210709359312363975292229132147491753102037059226138800567744712185080648628
frobenius.rhs_to_half.coefficients[16]=42501571633069535763706688117504025555777422892082538380841634654167606760985902665201607711738586598981158456480193315878307
frobenius.rhs_to_half.coefficients[17]=92108405088401036013045564586952432829566578881952400921881304778667502144764423340183615293974588093653442188396682860439289
frobenius.rhs_to_half.coefficients[18]=47643945246170582614179622885179965051982664980976404548850299611755798292370747082318459455238903387284031643565028783065050
frobenius.rhs_to_half.coefficients[19]=95553295860624992607274048721016672886468072074768826565833197482260756998047330933749614983855630981928515920022607511709439
frobenius.rhs_to_half.coefficients[20]=31221123489897104425458836766814426126143678306913785712026693355009331455853374442832199248394272938745030710743643472915552
frobenius.rhs_to_half.coefficients[21]=59566371840691104188941048799566588165900970228275609222586863087048815536393989573493621164915454825714947890804963443593532
frobenius.rhs_to_half.coefficients[22]=95019134234928612464050761245974000533364497163871382124484174159000211635496783224873070059435942125850345792147419378745172
frobenius.rhs_to_half.coefficients[23]=56340818707877859449271998769215995580270879290555266804057258112177846067275559372405145162806911526663215904274481072271468
frobenius.rhs_to_half.coefficients[24]=25079796155801911163048173601183896531420035334604071109252987291671224154001497763797923990999289670873840513262353603226891
frobenius.rhs_to_half.coefficients[25]=6281179693488871546136853669691084006257083745415041157016035296486272093141386067337017380817505002412211245137534602948953
frobenius.rhs_to_half.coefficients[26]=15856806927685938717585330093597116314419381109572991292053227121153908577826693539084820134095652899064211963118346179396319
frobenius.rhs_to_half.coefficients[27]=99310267544341020153494611951065559743030910090269347195414150167229811564604766039949019232837775280322402735849296715550657
frobenius.rhs_to_half.coefficients[28]=23456804213779088433456273374368692761523223532436204444647971201849255268746213620174510683428405918416595456529863747301061
frobenius.rhs_to_half.coefficients[29]=34646146562799716910502731312516124268322747887608245511762860452476266895241278781522282665259743185912070777093850985587623
frobenius.rhs_to_half.coefficients[30]=10653049360881370191103380326524656083756481275368585388598009894847523509410146008279432404829738307831409080383115532139748
frobenius.rhs_to_half.coefficients[31]=3344160903102277407231461478735955244660278895809200931112082614021958801966338230992327925150423800299435308642030447961144
frobenius.rhs_to_half.coefficients[32]=47374627114549831971579450655664387559828578565730381190010414986692623864241885589028462283838370508597100832965785611846198
frobenius.rhs_to_half.coefficients[33]=92383419565992594843678860974717459707497058330357336306187682371106804378119426692194795133149855902763890482063498527008442
frobenius.rhs_to_half.coefficients[34]=14854041265969941250610503914171252893280740380213857969763948912690350862475932593425679424827112069137507398467243379490809
frobenius.rhs_to_half.coefficients[35]=68148102951456792585158322915286555434497292111113254597836376638423690853752415955076701644812517071924914076053520347219365
frobenius.rhs_to_half.coefficients[36]=53171647135354009201108790724422232124066572140750938584275831303882227086184403087581106559262993009660688553229403893687538
frobenius.rhs_to_half.coefficients[37]=6632596426226927552806680166534764375909100592994116996159066186412907270527803600054141242851366435953410851410018915428095
frobenius.rhs_to_half.coefficients[38]=51656927196986768891174434762690694490018011999850230871814463312220418565444920915531636464650193628341593618458417004912513
frobenius.rhs_to_half.coefficients[39]=52018537764124976791911850256613101693470024956327701530266530156565503598068870772844552535741654490077822449331771301630748
frobenius.rhs_to_half.coefficients[40]=5081536068157576747677815288965938753160400009178176436381850669065446723480739724611182828447439897933344622322226305772953
frobenius.rhs_to_half.coefficients[41]=36777675188274813176396185095046469524234834183791326299452990621245419182101214551483735463989112905207273606371298687326196
frobenius.rhs_to_half.coefficients[42]=69186665278280794983661034800081781804596921221974802856137883510649008411874154724752050952872938946959393274048381400726683
frobenius.rhs_to_half.coefficients[43]=74639326998722460673588975510207094586177980159166208314012556744358607664145352689035157316593095662672050497734897661880295
frobenius.rhs_to_half.coefficients[44]=49938056215268939081454600123770795701619865561930092586754974517977430029181911742020218111832411362110825914848059763790164
frobenius.rhs_to_half.coefficients[45]=53816968749200018446590306011735464810789069194870351351360752936863660662011813154710874931607242407214146955014240567792624
frobenius.rhs_to_half.coefficients[46]=4236201378644941394443593375710132359265329306048242148813809258198491274925812633515849796401124718846366308213035263009979
frobenius.rhs_to_half.coefficients[47]=11054952275885476137814171581230551100029612971189505516370511593289054709696834982786917771667597770017830511719578552003679
frobenius.rhs_to_half.coefficients[48]=47317205783259305360125876863288431544800314382682725422494743555720812191562357445745904376013417198564360820625907991580084
frobenius.rhs_to_half.coefficients[49]=25743929357525134878869179290661309702801485520985766626139528905588375565014294036233350799987016597075139439142442794320979
frobenius.rhs_to_half.coefficients[50]=19855536606478072299533553091922840579693444860073967970968895155561524950005645640417915634045196790529984211928083306396650
frobenius.rhs_to_half.coefficients[51]=23188806967433105369232397193045208839183313798377372866291168915710636117283427098837422979382087511690799659125415899277874
frobenius.rhs_to_half.coefficients[52]=63788991426579090668966977542970212384558275402009981518463241376705491196075579496538829612266307626460338435981155139007128
frobenius.rhs_to_half.coefficients[53]=90327015593205041819608806280127941888759368856911489014607172549085947576136350720862037202956457686604236259134629154748638
frobenius.rhs_to_half.coefficients[54]=39688201645014468354553940778704646021087288908151563860973804025408471497942344850073868785744192546036779585627372704571539
frobenius.rhs_to_half.coefficients[55]=56936387811629337076503054438257587471628678698310958184119856831522053983667342081050111686271251533829801421460789351750788
frobenius.rhs_to_half.coefficients[56]=15566937754694788018491221510577871569729606934817083412134987595782007102189018094190603170908695401379210980582205178672820
frobenius.rhs_to_half.coefficients[57]=95083176680303834856164533486213158043557791425276186528110797966041511828694489946411025708414286755096559253116679538299157
frobenius.rhs_to_half.coefficients[58]=44694429075670811993759344535280891845879143384585480008510473267600207176113907632323831681901061509140375827188962234256927
frobenius.rhs_to_half.coefficients[59]=61638602006223377602455378882175143727157628518312609853253196326514014946874718599312627546454934859709647866559445729664848
frobenius.rhs_to_half.coefficients[60]=32951888912929886147755330250611896685244607061233798986106008633847845266390498862402282982701844455869696199500117243019213
frobenius.rhs_to_half.coefficients[61]=290278812193101606527430764253423440997051707137942574243602531253219146621963108315761946710224806296175270570885829489552
frobenius.rhs_to_half.coefficients[62]=40903603492193441551085233182562647380398426478009404096242688714806500591470846866851023520704630884455830446641123554557568
frobenius.rhs_to_half.coefficients[63]=46204080699842039500226685451181694704241251447416285926858515691492282125222415777735004949112553508786555922183444421466658
frobenius.rhs_to_half.coefficients[64]=83949814605902538568412979201080254345362691553581900625690982223480104976382618291218142239585443828177385091869963091654010
frobenius.rhs_to_half.coefficients[65]=36880896780669405398582686129176913697179750117947171741495581173094518191146086445395363326242214158436277897478121330667036
frobenius.rhs_to_half.coefficients[66]=93840063488195745147940076369810756452395521575435112600367238846988839668289949614032545133547895551369404341629534194557187
frobenius.rhs_to_half.coefficients[67]=54404815273107109945875936192816047715272723737335078084163568659177804480708968388046758456757259109635465778540285422600711
frobenius.rhs_to_half.coefficients[68]=18684000334728463881911309836653956368747008119488014618553096181049567094029995415786473569441854057765592216488393360438775
frobenius.rhs_to_half.coefficients[69]=63014992796056994382607427282085798973246834627031390266035975687072813407847258078531196363796761007169305666716982254606074
frobenius.rhs_to_half.coefficients[70]=78755152778003565990639645619467341622691205768514485318046952863757522152370311893712201544672747676269707298331663693835225
frobenius.rhs_to_half.coefficients[71]=14157694764472919422850301061946127701885963417111577880287659722656689694557451056862568427789247643093846480629007541747116
frobenius.rhs_to_half.coefficients[72]=32768608239472755634516049250538035058573884114079062660195065385076564994754957184344516346884357271716624897706984670994051
frobenius.rhs_to_half.coefficients[73]=72346575766048184579116100546885945195749277329627850498215084342659115079060054533139912497992935002909699557110445323422375
frobenius.rhs_to_half.coefficients[74]=61756944917573097643803783557438996878064848809260316210299644227915916222702148125126162746140028984748669846412087021337331
frobenius.rhs_to_half.coefficients[75]=46244300739702281150525238341756159999792179621609377039261670798931854898684863780401758238989273129985337929629991987377749
frobenius.rhs_to_half.coefficients[76]=69698029336817467555174889674458958834153079192517956281063112108838793390424239835488599229139529534763488601578074074383031
frobenius.rhs_to_half.coefficients[77]=28480715184048996645428095739108845376654943827061838835928347095411146979905302525319146950710464545108791504171963844824171
frobenius.rhs_to_half.coefficients[78]=79754426934955005148222067544497687644588046662999895631429077945905097061913739088229693086055999193526913491122583757802153
frobenius.rhs_to_half.coefficients[79]=54030715153389017490821336034334211716710993335122146671476545051386654986145143963197518474246940703930091973324443835715908
frobenius.rhs_to_half.coefficients[80]=35368257525312262124997059230077228260416433561449872403835986777386038728213980329368583035453976619863954544044297526914472
frobenius.rhs_to_half.coefficients[81]=33273086177043788054662944953157545523295948741364712155502177459288013470624897546786474505105460319043845773926558496230423
frobenius.rhs_to_half.coefficients[82]=43714821552472375098911094894794449871453825084594368699408487093840675577920856954550726697630617995935460846295991440762647
frobenius.rhs_to_half.coefficients[83]=16225764423692488701550621790034688691963557299502630216999008268805733688216445248503121299038042511230488254546698664865422
frobenius.rhs_to_half.coefficients[84]=65436715854858558850643140041129360799948643512410801431066003488192763440509964991258205398939583847486616069741892427894944
frobenius.rhs_to_half.coefficients[85]=69536295884602220383623707543069024894868191474941726819237036393162887642511873145269382704449922036169769394484530530673678
frobenius.rhs_to_half.coefficients[86]=11293913083038379336698272955731994894505526423466731883406863083186927862918140357521922321943087862168324107283025294561642
frobenius.rhs_to_half.coefficients[87]=65563043049084846936651638752476775255129072468953242772452581032449526346505413671787715277761271083306790551999264882384230
frobenius.rhs_to_half.coefficients[88]=95956771492759942902869894888881185117957778612496389550273088509311753299096364275780139366867523852739537364015602573024673
frobenius.rhs_to_half.coefficients[89]=48792188636791590620728774923473906445469537298136585752683924484532113494006738747065725853992224408776442308546249049264441
frobenius.rhs_to_half.coefficients[90]=24506907035055740034196986795758498646141159589745662509389225182044429916105550299161170628843687623140737947564286965082022
frobenius.rhs_to_half.coefficients[91]=52185250040516582817436002400831441636371952274309821272021512956811933170650530959449370829815507254231631163688993572828825
frobenius.rhs_to_half.coefficients[92]=3713440139792232435716589473652197969209402277525920439846594413492348586263071191941110447595040046749246200193051663756753
frobenius.rhs_to_half.coefficients[93]=72054443804349591290602000666820949346833518027562280346506078684338562180081322662993366312895008353648761601181770427064877
frobenius.rhs_to_half.coefficients[94]=18334224443506319403415303975111103681726271076548064715689038878282182041356162467977279845351917090823028962797710554211455
frobenius.rhs_to_half.coefficients[95]=89439223383872160966375472095152095055605133905066504485009802720158296315070666775646969123965178080021160450613766810220615
frobenius.rhs_to_half.coefficients[96]=21716931741686107501614720720514110131795524310882678447870139537873504048189694313623906776916734319095074909698981184296201
frobenius.rhs_to_half.coefficients[97]=20934711060049825212257612535879693929054363237690370306821852039294133889317465858701525459066762695620392575768740464840979
frobenius.rhs_to_half.coefficients[98]=32501498519159135411646075436032910789159182827580439185619460052903665582726163573816461599601476408578328953691525709392443
frobenius.rhs_to_half.coefficients[99]=81217008684679905922602093646727936163482301123373517128851733988545254746947250745892704991765976335118439568465575915837916
frobenius.rhs_to_half.coefficients[100]=31894286907537694425473838011512018683441899178112089268698332398901956211348788505951306663180288605223885826998565574132765
frobenius.rhs_to_half.coefficients[101]=89335559253323433560909202708644643057823363261953157958293182117468736371451594334587949039412523572647383046919468519847719
frobenius.rhs_to_half.coefficients[102]=83295170735929738525636108555999721399116806246106396681294897527487411824324277181098630097656559325511998338515570322931735
frobenius.rhs_to_half.coefficients[103]=16948125090712031779493780180173007795171486560432693200805842275484071714545867892134242836274315690314965639029307076680628
frobenius.rhs_to_half.coefficients[104]=89590802421835456708874802402016099324792952209051763230031833325443199290347164701851526666712674196881056415334674578823411
frobenius.rhs_to_half.coefficients[105]=36283101612319328092752984499547149903100107952508300041547402753080006749080473635699058208965712487539642410029244452187658
frobenius.rhs_to_half.coefficients[106]=15077325625022292159307050573005775159479639733536218334928277506681614212981511439929267802371271751269360359830414101526050
frobenius.rhs_to_half.coefficients[107]=17215730162657845448006407401617640430744751561608111700157882188065513071225834435567388698699356253948628340652046614214301
frobenius.rhs_to_half.coefficients[108]=456752358235215879864319420830133645548083080953813389565556658615826594747566987041592818998625793104791770564457830226909
frobenius.rhs_to_half.coefficients[109]=3471720143390825754888120556260154873138841465220622491673391047998088871677793349029901443002274254511395794305565567097777
frobenius.rhs_to_half.coefficients[110]=7485561583214102009534106150724223577600170253286350015058014058519063470813227171771657546509321482499682652304239112202060
frobenius.rhs_to_half.coefficients[111]=38924370458097377542247807857879498075895055679478673848710118846976979843508669340449865564686706051130080922956681444166522
frobenius.rhs_to_half.coefficients[112]=84498807532760148831722119847959331957142434007076303713318666527646903197691675571837823785021251530569276013649107292049642
frobenius.rhs_to_half.coefficients[113]=73273077660868042422339103772805898918085400132713950665384932224773898695197218610787053082751685415273362773990140278912357
frobenius.rhs_to_half.coefficients[114]=90425297507378961485898391494108300434181600356222760176879025505529343119242784962267285827835971333783925058297869923008181
frobenius.rhs_to_half.coefficients[115]=97247666959283066323103269940179312370117743905919190707974443801522885528270444955984817004159106987008736087993962501320630
frobenius.rhs_to_half.coefficients[116]=40276761425988156841867690870838032026593422748984671896722648274879922604674159843724636015360685242613910103975357584656120
frobenius.rhs_to_half.coefficients[117]=38455161757391898944481892714670534646740306076507494062102684979603194871875945859780723735203324218358789952744809861229513
frobenius.rhs_to_half.coefficients[118]=31855065055554427823761855569117389822381826043712011153123321725087767497906888406834993087022186741489781270462787380510979
frobenius.rhs_to_half.coefficients[119]=75768059561537493524569144300254253408464736223656841308948161089163683081525590620541823293371062561176615023731694594946650
frobenius.rhs_to_half.coefficients[120]=32529494621905105206997146779016369347172323119575234029674086344674225843128310508663132193147822646249443110633283903901739
frobenius.rhs_to_half.coefficients[121]=40063620229424137393762899455727366576705196358359989182013417389468595102916722635002133162725126761834586667807126798077875
frobenius.rhs_to_half.coefficients[122]=4048390393111095066500545152479231292934739672008927205597297605027958568414711933445939917848198408734198636768576190522883
frobenius.rhs_to_half.coefficients[123]=38132858294482186636865410759181900014763817726947820081625809651703635781843985359672626007607217158036578649784029559677005
frobenius.rhs_to_half.coefficients[124]=42740393874971835051064165333067273441064449450973212681003540372037049793865537879342430915365727796262237535512574771471763
frobenius.rhs_to_half.coefficients[125]=77258619731509580687886605981837321298062744372574670154898705528488559497388125325270218442366115343009995258804477701567216
frobenius.rhs_to_half.coefficients[126]=83699843776356450160902114065227463937747719446374986569184893773623447739932844033851257767056674096719410816999069489524554
frobenius.rhs_to_half.coefficients[127]=79817185915973634495999541317618077639052913618359653124553273489952993021791404069073889138463662863158573450286872405499076
frobenius.rhs_to_half.coefficients[128]=49357489246040645220212749811608816518480830577089517192068076125600048544951636435999091698902931712638942414376334148142168
frobenius.rhs_to_half.coefficients[129]=5803470223521507943476271187778427305666718447326089281195539956462260022062360582767744989320687423645191341879263010973277
frobenius.rhs_to_half.coefficients[130]=28481420429197691522537261427740551787068629640556840408440049678765320791307633542736389638277486592095598323891319924192670
frobenius.rhs_to_half.coefficients[131]=58197045824148611047033559522549738938656026000981747791304777950338816653241666566950110521448199136301412993250242648062379
frobenius.rhs_to_half.coefficients[132]=27901038674356459187373641801556301402585342356632903128365968338477265788873688386244704742612365799257414765740901659119964
frobenius.rhs_to_half.coefficients[133]=86780089865839372754351553607517476846402446442042188924899930801651225001461151027643798455703504065764012155548154997013049
frobenius.rhs_to_half.coefficients[134]=66037596603775890414404013467723592897321828140341828369783000713003770994676871839686999224275499451795787981232316830593733
frobenius.rhs_to_half.coefficients[135]=97274919739676764663231220808378636343094678808639359004870076521473892890689198877141953779870205510982053496371935902805730
frobenius.rhs_to_half.coefficients[136]=74663477189323411229860594195556793862651626903376317348406599561885905718097426646157737937897323774396887446126711644237065
frobenius.rhs_to_half.coefficients[137]=19500174143628534933488628412246004525246288711409009494825461299030716771669328290296359050494117230655391204152379593068270
frobenius.rhs_to_half.coefficients[138]=12343601656054928815020751334094113524172896680634647690932623548082370776713410649997017531380255351257128272685898358283117
frobenius.rhs_to_half.coefficients[139]=30138280677700139928413060758947914279840393341737142473871426696037734880923517503197698571203865509168425014198482567300429
frobenius.rhs_to_half.coefficients[140]=6789858956063873402363976704306918828576203661717859443325737595538567077666530842166643687623997084775485861722490767922045
frobenius.rhs_to_half.coefficients[141]=6070259655136492746661326431920066129832552040976183267305761811304484728886661026010910007627090939548950003663486624468894
frobenius.rhs_to_half.coefficients[142]=86217752787771290215803495062249958096975468949732645006981555047593716072432943493360613095985392829926645817313163989975595
frobenius.rhs_to_half.coefficients[143]=28188094865381896594510446798710930348693242178435958681659389343677735371857294995795239496887315261253160403812267824653335
frobenius.rhs_to_half.coefficients[144]=56587899452952870640566500708173136185514374351181414072337188030253592449013763983670449751911386542999524457889983583432646
frobenius.rhs_to_half.coefficients[145]=36217029968151388062935166181883505922210296207533522399791028149580303094732531981127524330717387765584615466675578681127241
frobenius.rhs_to_half.coefficients[146]=72776130400220794213552677449064204647662471384156870101818917924767441503360237175531451660264655007970752107585572697132532
frobenius.rhs_to_half.coefficients[147]=73262089921626584129049835311964506714322577596561196474213874012390499155720245640577667327412261879638160936325888538570851
frobenius.rhs_to_half.coefficients[148]=56687006593714516718038126972172334113970815337595908093812640776928392279015032013256771638496144180448070098498491537779120
frobenius.rhs_to_half.coefficients[149]=61627735706835455593574710320439868449147238198368182705825673163412222390755405711222337180286243019075704239135880188043044
frobenius.rhs_to_half.coefficients[150]=39268068363582454807107398191858884844110717862565363401067248461702924749136351478510442054077450357989326542543453141551307
frobenius.rhs_to_half.coefficients[151]=43223128502903945138444267778821059700597239472475288843523525046283173413789475451436604169992113833734181843994492085601124
frobenius.rhs_to_half.coefficients[152]=93552177737036797077942086286613206133162941793118108604558008394889051959488669665029836843312583174590501211009602882552403
frobenius.rhs_to_half.coefficients[153]=42023170079711563011940396798043091801021836824291217719506573016269137350517366403148837912313410681683611346671650193399244
frobenius.rhs_to_half.coefficients[154]=19330533952059827837727137744471355368481537053429417892362071092762815379501559340875304938050024084048957162827878905607762
frobenius.rhs_to_half.coefficients[155]=12477144470289229076711017096911103988582750751919653839158319330294509024734121689501269165510941567006453757908923348109344
frobenius.rhs_to_half.coefficients[156]=45210910854142010412185844400668055728672364703322438462939904194566569832665639787238713418683936949411322465280903141023744
frobenius.rhs_to_half.coefficients[157]=16682769513882071898252002798302091311582372336671041276493509514885336779611215096737517658469144315827481902550507615475511
frobenius.rhs_to_half.coefficients[158]=14861902250988960484319392297517050112783966868621479489275412032947304189870889557544198908055304225757379492329082191074530
frobenius.rhs_to_half.coefficients[159]=17897837140567777629135880478674136290066228374701839428691662310006827104695727676225258570569455047795535232460025443399232
frobenius.rhs_to_half.coefficients[160]=7909667228113953557685048682072740561726952952430890697656984445160570339488479858856468512438801410756253739343558759256645
frobenius.rhs_to_half.coefficients[161]=63975593610187587148893656959429484730158568938282669509546091412978658878670857550842540115587293980380515381123911829017060
frobenius.rhs_to_half.coefficients[162]=84072756651635445980520723928895824053484997930513025624458928952504828105248903187479329826934720891989339648071730517945721
frobenius.rhs_to_half.coefficients[163]=27075220426071801716036924031955077381177409548951415532138982114376573180761209544843758282322256772798078448040303482730573
frobenius.rhs_to_half.coefficients[164]=75301978068490413342619157113507858716423305558395848697666557633069238264583066302498111292289173541925528264474779903028776
frobenius.rhs_to_half.coefficients[165]=82766862806909009430162220776305300925421060312613875607229555218651597319803827808763297340295104453915835167513397812458008
frobenius.rhs_to_half.coefficients[166]=2301246068759898748018643063725927123123075242947958605520596534445933883541122154232986642430704706799260539618622776296930
frobenius.rhs_to_half.coefficients[167]=75460862232418926845824053609621490629877218062512114667514490927986451549067888303760203439095088017727806093463589794128801
frobenius.rhs_to_half.coefficients[168]=24099467822131428142631698356284914780430538121872534158386939735783110855483739643873615962686854996161024450255515004761439
frobenius.rhs_to_half.coefficients[169]=43906126688591739110375039115388479715737617822437201531499178623372103227406860433687120050306072952637477735210989472622459
frobenius.rhs_to_half.coefficients[170]=21282648348683427042186392264897153252655293530551132528803573958291649467554033657554738535338900017019457583851230731994858
frobenius.rhs_to_half.coefficients[171]=27900279296158338344572406385478849991247353799448885015337153663962550398785838643430719310207500584732312204170293137521912
frobenius.rhs_to_half.coefficients[172]=66452243697942053389349254690106289733491939022787662260397580744015050562454302618169081879022557568355024149801862657794154
frobenius.rhs_to_half.coefficients[173]=21815663560643987280251077373225110814407073972194159463216795996981393270941116561365031798052527006435590271100766218512152
frobenius.rhs_to_half.coefficients[174]=45145285134157469968178574629012443398414376660916487387677278218537090531371796166911341944012597946150717468863549532441517
frobenius.rhs_to_half.coefficients[175]=82959462113221021337860181343544566292727418706312329399237825124377853376756091632475496896831803924516310946354462504916484
frobenius.rhs_to_half.coefficients[176]=29124279201021764692569324541009501665523773224964872325795848396545252346787390030815107888132551571361811822315419651529059
frobenius.rhs_to_half.coefficients[177]=83636140992345077459835405780195113689384043831655099192183648582925290937160149148376335023151027359081980435725882708314687
frobenius.rhs_to_half.coefficients[178]=21265707950722807425288310719441401656063151525374197214766527437699037230221233879018442951862547189804666948051075560676124
frobenius.rhs_to_half.coefficients[179]=38293520086228965039984524703520964408024288341415610746990276788640465517067324644587668533966765060547969059239953896196928
frobenius.rhs_to_half.coefficients[180]=48646441155056317094842600142529720365619179620561574189675755923197742549998193944962509261353603394190126315679520524168436
frobenius.rhs_to_half.coefficients[181]=2824615407252619646500543902089809268834999233407888017993203279000496513759627104942837815600804454238120841827594196712777
frobenius.rhs_to_half.coefficients[182]=16367193221053503052510540995584901395239939156759068142842643998425211605131817346631089312114631387157069490812930646847941
frobenius.rhs_to_half.coefficients[183]=35324674697999182872612940117856846134467214132025737565904393290042885468050278007699350942243736450060425479304750264637559
frobenius.rhs_to_half.coefficients[184]=13649756075350041236061854555980077536525435964194909454608789693028219221425057499379335043266423688387221898701603522711478
frobenius.rhs_to_half.coefficients[185]=27840079908498092364361216102388254577105563881361006455379645261271947174753003293129754731640981976464795576721682625135741
frobenius.rhs_to_half.coefficients[186]=98869391804983898868000312121023070380391030688019260226279062907788283794885146162120305954777147585364628513831617423678124
frobenius.rhs_to_half.coefficients[187]=99517366666734639313971564115990807291827247794187388380154666249846003642150882121844324928503566741566109218022677296422349
frobenius.rhs_to_half.coefficients[188]=81042293065666722767994298063691855675982365271546706647489485223893116651600065605688249050658495918566805580789889015427120
frobenius.rhs_to_half.coefficients[189]=5947890498527086812624571327518180209204726980976069761548598092550386388006879056613702114604898382686193788401520975521471
frobenius.rhs_to_half.coefficients[190]=66263139545217049090909197317157794861668409700920641221393149102120528252162970120538177539884724402436213834773804594006208
frobenius.rhs_to_half.coefficients[191]=99480814575576027796413076540929089376866908307729990488894196372033492118057593876519715006563002535996381813033679069643258
frobenius.rhs_to_half.coefficients[192]=27413414768775383358927023022828543833128143350668537905074178662681109238422010936115139158010237675122252577596915603069726
frobenius.rhs_to_half.coefficients[193]=63649290125313783369337134593099251847652164570745632938048565648776093808078698318722672695508792371865585713500807058451491
