projection.schema=oneshotsea.p125-poly-trusted.v1
projection.mode=sea
prime=100000000000000000000000000000000000000000000000000000000000000000000000000000000000000000000000000000000000000000000000000237
seed=202607300000
global_index=1000030
point_four_required=true
sea.max_level=997
sea.trace_cap=16
sea.threads=1
sea.schedule=increasing
sea.table_manifest_sha256=10a14c2ce2a2e96bbfa9659735793d2530dfb76bf92e132ecfaf0319834b757b
sea.known_source_lift=true
sea.root_orbit_reuse=true
sea.conjugate_eigenvalue_reuse=true
generator.counters.u_samples=83
generator.counters.u_polynomials_without_roots=58
generator.counters.x1_points=94
generator.counters.exceptional_map_points=0
generator.counters.singular_curves=0
generator.counters.exceptional_j=0
generator.counters.exact_order_27_failures=0
generator.counters.points_without_weber_lifts=90
generator.counters.weber_lifts=48
generator.counters.nonsquare_explicit_montgomery_u=36
generator.counters.points_without_explicit_montgomery_model=3
generator.counters.full_two_torsion_failures=0
generator.counters.point_four_rejections=0
generator.counters.accepted=1
generator.schema=oneshotsea.x1-27-probe.v1
generator.version=x1-27-sutherland-tate-weber-montgomery-v1
generator.formula_sha256=b63a2527b1778acce2fa7d003655d929c1687eec9902b03982e729e11a571250
generator.global_index=1000030
generator.x1_u=26704565842674153393243800331257175333015473830260526761199712838773268540061400676082648107903230541311209281133372220738280
generator.x1_v=96157628130822406025300786540039518914833220754606750652752236076454891852546684276046328015339347106357694407509933536786011
generator.tate_r=79186404514504640908489563357495132047473300985745334007027282221067042003190569848064792557022135799404560961950346708506182
generator.tate_s=97344229614753972965848250744010819753714742776083096355334483195213524714082530784026176996231290284591848472620141995851293
generator.tate_a1=49745313115319430682167218169974833061015613176636027902841318215574451297670150619771568874622136097135708138148194269717906
generator.tate_a2=27764916967061971217138878788736250964352590294260318838835671598138231183773718554058342837644993112298245089277614786400485
generator.tate_a3=27764916967061971217138878788736250964352590294260318838835671598138231183773718554058342837644993112298245089277614786400485
generator.tate_curve.a=49377142497698681595970782642862367538446121143050014905292247748068562197494249365027113748490477034970688557256456101210790
generator.tate_curve.b=1637125298347606662877013541092189648704824505709051478707161928016842100398075151326089709644266458594437977911679191272818
generator.tate_point.x=47430998343380494779385608102458782911084724411415985585504709649189020355042544900715002330689680491316888254909440364043595
generator.tate_point.y=98611032442692891450998909183515104150079751780114434594252532598928967847561603838301026465659256128210469641982396931245507
generator.explicit_montgomery_coefficient=37612961439576477422476243262538096153125956509527248198562312357931563706915176176735623844837745423875400897213336065733224
generator.weber_f=1809128800056467331602026467513268592329625093277967630958499026146673630321832367487800977065301451815067629906666058152908
generator.j=29086728336443714803772542398717971874025276695818145964301099244742489053379916095398258597239347882384093421392067341916672
generator.twist_parameter=2
generator.curve.a=24695916746375285203490140593970257817161480924700052157539187724647340231554000845239547321663901475964613358534920636619155
generator.curve.b=16463944497583523468993427062646838544774320616466701438359458483098226821036000563493031547775934317309742239023280424412770
generator.twist.a=98783666985501140813960562375881031268645923698800208630156750898589360926216003380958189286655605903858453434139682546476620
generator.twist.b=31711555980668187751947416501174708358194564931733611506875667864785814568288004507944252382207474538477937912186243395301923
generator.rejected_samples=82
generator.selected_side=twist
generator.full_rational_two_torsion=true
generator.point_order_four=true
generator.cyclic_divisor=108
generator.group_divisor=432
generator.opposite_order_residue=28
sea.trace_prior.modulus=432
sea.trace_prior.residue=418
sea.levels.size=1
sea.level[0].ell=997
sea.level[0].exact=false
sea.level[0].trace_residue.present=false
sea.level[0].exact_modulus=432
sea.level[0].constraint_modulus=432
sea.level[0].exact_trace_candidate_count=2928034870526277159258234763363628271962551054930756321164357
sea.level[0].trace_candidate_count=2928034870526277159258234763363628271962551054930756321164357
sea.level[0].atkin_projective_order.present=false
sea.level[0].atkin_residue_count=0
sea.level[0].compatible_source_lifts=1
sea.level[0].modular_root_workers=1
sea.level[0].modular_root_orbits=1
sea.level[0].modular_root_reused_lifts=0
sea.level[0].modular_root_orbit_reuse=false
sea.level[0].lift_pairs=0
sea.level[0].distinct_codomains=0
sea.level[0].codomain_cache_hits=0
sea.level[0].conjugate_eigenvalue_reuse=true
sea.level[0].eigenvalue_attempts=0
sea.level[0].independent_eigenvalue_recoveries=0
sea.level[0].conjugate_eigenvalues_derived=0
sea.exact_constraints.prime=100000000000000000000000000000000000000000000000000000000000000000000000000000000000000000000000000000000000000000000000000237
sea.exact_constraints.modulus=432
sea.exact_constraints.hasse_radius=632455532033675866399778708886543706743911027865043365371500970
sea.exact_constraints.candidate_count=2928034870526277159258234763363628271962551054930756321164357
sea.exact_constraints.residues.size=1
sea.exact_constraints.residues[0]=418
sea.effective_constraints.prime=100000000000000000000000000000000000000000000000000000000000000000000000000000000000000000000000000000000000000000000000000237
sea.effective_constraints.modulus=432
sea.effective_constraints.hasse_radius=632455532033675866399778708886543706743911027865043365371500970
sea.effective_constraints.candidate_count=2928034870526277159258234763363628271962551054930756321164357
sea.effective_constraints.residues.size=1
sea.effective_constraints.residues[0]=418
sea.atkin_constraints.size=0
sea.compatible_source_lifts.size=1
sea.compatible_source_lifts[0]=1809128800056467331602026467513268592329625093277967630958499026146673630321832367487800977065301451815067629906666058152908
sea.traces.present=false
sea.schoof_fallback_levels.size=0
